---
source: src/auryn/ast/mod.rs
expression: "parse(\"a = 2\")"
---
Ok(
    Node {
        span: Span {
            len: 5,
        },
        kind: Root {
            block: Ok(
                Node {
                    span: Span {
                        len: 5,
                    },
                    kind: Block {
                        statements: [
                            Ok(
                                Node {
                                    span: Span {
                                        len: 5,
                                    },
                                    kind: VariableUpdate(
                                        Ok(
                                            Node {
                                                span: Span {
                                                    len: 5,
                                                },
                                                kind: VariableUpdate {
                                                    ident: "a",
                                                    expression: Ok(
                                                        Node {
                                                            span: Span {
                                                                len: 1,
                                                            },
                                                            kind: Value(
                                                                Ok(
                                                                    Node {
                                                                        span: Span {
                                                                            len: 1,
                                                                        },
                                                                        kind: Number(
                                                                            Ok(
                                                                                Node {
                                                                                    span: Span {
                                                                                        len: 1,
                                                                                    },
                                                                                    kind: Number {
                                                                                        value: 2,
                                                                                    },
                                                                                },
                                                                            ),
                                                                        ),
                                                                    },
                                                                ),
                                                            ),
                                                        },
                                                    ),
                                                },
                                            },
                                        ),
                                    ),
                                },
                            ),
                        ],
                    },
                },
            ),
        },
    },
)
