---
source: src/auryn/air/mod.rs
expression: "compile_wrapped(\"let a: I32 = print(1)\\nprint(a + 1)\")"
---
AirOutput {
    air: Air {
        functions: {
            AirFunctionId(
                AirStaticValueId(
                    SyntaxId {
                        file_id: Some(
                            FileId(
                                1,
                            ),
                        ),
                        number: Some(
                            4,
                        ),
                    },
                ),
            ): AirFunction {
                type: Computed(
                    FunctionItem(
                        TypeId {
                            id: SyntaxId {
                                file_id: Some(
                                    FileId(
                                        1,
                                    ),
                                ),
                                number: Some(
                                    4,
                                ),
                            },
                            kind: "auryn::auryn::air::typecheck::types::FunctionItemType",
                        },
                    ),
                ),
                unresolved_type: Function {
                    parameters_reference: SyntaxId {
                        file_id: Some(
                            FileId(
                                1,
                            ),
                        ),
                        number: Some(
                            105553116266498,
                        ),
                    },
                    parameters: [],
                    return_type: None,
                    reference: UserDefined(
                        AirFunctionId(
                            AirStaticValueId(
                                SyntaxId {
                                    file_id: Some(
                                        FileId(
                                            1,
                                        ),
                                    ),
                                    number: Some(
                                        4,
                                    ),
                                },
                            ),
                        ),
                    ),
                },
                ident: "main",
                blocks: {
                    AirBlockId(
                        0,
                    ): AirBlock {
                        nodes: [
                            AirNode {
                                id: SyntaxId {
                                    file_id: Some(
                                        FileId(
                                            1,
                                        ),
                                    ),
                                    number: Some(
                                        211106232532993,
                                    ),
                                },
                                kind: Assignment(
                                    Assignment {
                                        target: AirLocalValueId(
                                            0,
                                        ),
                                        expected_type: Some(
                                            Ident(
                                                SyntaxId {
                                                    file_id: Some(
                                                        FileId(
                                                            1,
                                                        ),
                                                    ),
                                                    number: Some(
                                                        217621856993886,
                                                    ),
                                                },
                                                "I32",
                                            ),
                                        ),
                                        expression: AirExpression {
                                            id: SyntaxId {
                                                file_id: Some(
                                                    FileId(
                                                        1,
                                                    ),
                                                ),
                                                number: Some(
                                                    221531231670419,
                                                ),
                                            },
                                            type: Computed(
                                                Unit,
                                            ),
                                            kind: Call(
                                                Call {
                                                    function: AirExpression {
                                                        id: SyntaxId {
                                                            file_id: Some(
                                                                FileId(
                                                                    1,
                                                                ),
                                                            ),
                                                            number: Some(
                                                                221531231670422,
                                                            ),
                                                        },
                                                        type: Computed(
                                                            Intrinsic(
                                                                TypeId {
                                                                    id: SyntaxId {
                                                                        file_id: None,
                                                                        number: Some(
                                                                            1,
                                                                        ),
                                                                    },
                                                                    kind: "auryn::auryn::air::typecheck::types::IntrinsicType",
                                                                },
                                                            ),
                                                        ),
                                                        kind: Variable(
                                                            Intrinsic(
                                                                Print,
                                                            ),
                                                        ),
                                                    },
                                                    arguments: [
                                                        AirExpression {
                                                            id: SyntaxId {
                                                                file_id: Some(
                                                                    FileId(
                                                                        1,
                                                                    ),
                                                                ),
                                                                number: Some(
                                                                    222399981598540,
                                                                ),
                                                            },
                                                            type: Computed(
                                                                NumberLiteral(
                                                                    TypeId {
                                                                        id: SyntaxId {
                                                                            file_id: None,
                                                                            number: Some(
                                                                                2,
                                                                            ),
                                                                        },
                                                                        kind: "auryn::auryn::air::typecheck::types::NumberLiteralType",
                                                                    },
                                                                ),
                                                            ),
                                                            kind: Constant(
                                                                Number(
                                                                    1,
                                                                ),
                                                            ),
                                                        },
                                                    ],
                                                },
                                            ),
                                        },
                                    },
                                ),
                            },
                            AirNode {
                                id: SyntaxId {
                                    file_id: Some(
                                        FileId(
                                            1,
                                        ),
                                    ),
                                    number: Some(
                                        234562480592214,
                                    ),
                                },
                                kind: Expression(
                                    AirExpression {
                                        id: SyntaxId {
                                            file_id: Some(
                                                FileId(
                                                    1,
                                                ),
                                            ),
                                            number: Some(
                                                234562480592214,
                                            ),
                                        },
                                        type: Computed(
                                            Unit,
                                        ),
                                        kind: Call(
                                            Call {
                                                function: AirExpression {
                                                    id: SyntaxId {
                                                        file_id: Some(
                                                            FileId(
                                                                1,
                                                            ),
                                                        ),
                                                        number: Some(
                                                            234562480592217,
                                                        ),
                                                    },
                                                    type: Computed(
                                                        Intrinsic(
                                                            TypeId {
                                                                id: SyntaxId {
                                                                    file_id: None,
                                                                    number: Some(
                                                                        1,
                                                                    ),
                                                                },
                                                                kind: "auryn::auryn::air::typecheck::types::IntrinsicType",
                                                            },
                                                        ),
                                                    ),
                                                    kind: Variable(
                                                        Intrinsic(
                                                            Print,
                                                        ),
                                                    ),
                                                },
                                                arguments: [
                                                    AirExpression {
                                                        id: SyntaxId {
                                                            file_id: Some(
                                                                FileId(
                                                                    1,
                                                                ),
                                                            ),
                                                            number: Some(
                                                                241892558110721,
                                                            ),
                                                        },
                                                        type: Computed(
                                                            Unit,
                                                        ),
                                                        kind: BinaryOperator(
                                                            BinaryOperation {
                                                                lhs: AirExpression {
                                                                    id: SyntaxId {
                                                                        file_id: Some(
                                                                            FileId(
                                                                                1,
                                                                            ),
                                                                        ),
                                                                        number: Some(
                                                                            241892558110725,
                                                                        ),
                                                                    },
                                                                    type: Computed(
                                                                        Unit,
                                                                    ),
                                                                    kind: Variable(
                                                                        Local(
                                                                            AirLocalValueId(
                                                                                0,
                                                                            ),
                                                                        ),
                                                                    ),
                                                                },
                                                                rhs: AirExpression {
                                                                    id: SyntaxId {
                                                                        file_id: Some(
                                                                            FileId(
                                                                                1,
                                                                            ),
                                                                        ),
                                                                        number: Some(
                                                                            242992069738496,
                                                                        ),
                                                                    },
                                                                    type: Computed(
                                                                        Unit,
                                                                    ),
                                                                    kind: Constant(
                                                                        Number(
                                                                            1,
                                                                        ),
                                                                    ),
                                                                },
                                                                operator: Plus,
                                                            },
                                                        ),
                                                    },
                                                ],
                                            },
                                        ),
                                    },
                                ),
                            },
                        ],
                        finalizer: Return(
                            Null(
                                SyntaxId {
                                    file_id: Some(
                                        FileId(
                                            1,
                                        ),
                                    ),
                                    number: Some(
                                        211106232532991,
                                    ),
                                },
                            ),
                        ),
                    },
                },
            },
        },
        ..
    },
    diagnostics: Diagnostics {
        diagnostics: [
            Diagnostic {
                syntax_id: SyntaxId {
                    file_id: Some(
                        FileId(
                            1,
                        ),
                    ),
                    number: Some(
                        221531231670419,
                    ),
                },
                kind: Error(
                    TypeMismatch {
                        expected: "I32",
                        got: "()",
                    },
                ),
                ..
            },
            Diagnostic {
                syntax_id: SyntaxId {
                    file_id: Some(
                        FileId(
                            1,
                        ),
                    ),
                    number: Some(
                        241892558110725,
                    ),
                },
                kind: Error(
                    TypeMismatch {
                        expected: "Number",
                        got: "()",
                    },
                ),
                ..
            },
            Diagnostic {
                syntax_id: SyntaxId {
                    file_id: Some(
                        FileId(
                            1,
                        ),
                    ),
                    number: Some(
                        242992069738496,
                    ),
                },
                kind: Error(
                    TypeMismatch {
                        expected: "Number",
                        got: "()",
                    },
                ),
                ..
            },
        ],
    },
}
