---
source: crates/auryn-compiler/src/auryn/air/mod.rs
expression: "compile_wrapped(\"if false { print(0) } else { print(1) }\")"
---
(
    Air {
        globals: Globals {
            functions: {
                AirFunctionId(
                    AirStaticValueId(
                        SyntaxId {
                            file_id: Some(
                                FileId(
                                    1,
                                ),
                            ),
                            number: 25206714332292,
                        },
                    ),
                ): AirFunction {
                    type: FunctionItem(
                        TypeId {
                            id: SyntaxId {
                                file_id: Some(
                                    FileId(
                                        1,
                                    ),
                                ),
                                number: 25206714332292,
                            },
                            kind: "auryn_compiler::auryn::air::typecheck::types::FunctionItemType",
                        },
                    ),
                    ident: "main",
                    blocks: {
                        AirBlockId(
                            0,
                        ): AirBlock {
                            nodes: [],
                            finalizer: Branch {
                                value: AirExpression {
                                    id: SyntaxId {
                                        file_id: Some(
                                            FileId(
                                                1,
                                            ),
                                        ),
                                        number: 84022381107640,
                                    },
                                    type: Computed(
                                        Bool,
                                    ),
                                    kind: Constant(
                                        Boolean(
                                            false,
                                        ),
                                    ),
                                },
                                pos_block: AirBlockId(
                                    1,
                                ),
                                neg_block: AirBlockId(
                                    2,
                                ),
                            },
                        },
                        AirBlockId(
                            3,
                        ): AirBlock {
                            nodes: [],
                            finalizer: Return(
                                Null(
                                    SyntaxId {
                                        file_id: Some(
                                            FileId(
                                                1,
                                            ),
                                        ),
                                        number: 54614547719966,
                                    },
                                ),
                            ),
                        },
                        AirBlockId(
                            1,
                        ): AirBlock {
                            nodes: [
                                AirNode {
                                    id: SyntaxId {
                                        file_id: Some(
                                            FileId(
                                                1,
                                            ),
                                        ),
                                        number: 117631333550696,
                                    },
                                    kind: Expression(
                                        AirExpression {
                                            id: SyntaxId {
                                                file_id: Some(
                                                    FileId(
                                                        1,
                                                    ),
                                                ),
                                                number: 117631333550696,
                                            },
                                            type: Computed(
                                                Structural(
                                                    TypeId {
                                                        id: SyntaxId {
                                                            file_id: None,
                                                            number: 1,
                                                        },
                                                        kind: "auryn_compiler::auryn::air::typecheck::types::StructuralType",
                                                    },
                                                ),
                                            ),
                                            kind: Call(
                                                Call {
                                                    function: AirExpression {
                                                        id: SyntaxId {
                                                            file_id: Some(
                                                                FileId(
                                                                    1,
                                                                ),
                                                            ),
                                                            number: 130234690716842,
                                                        },
                                                        type: Computed(
                                                            Intrinsic(
                                                                TypeId {
                                                                    id: SyntaxId {
                                                                        file_id: None,
                                                                        number: 1,
                                                                    },
                                                                    kind: "auryn_compiler::auryn::air::typecheck::types::IntrinsicType",
                                                                },
                                                            ),
                                                        ),
                                                        kind: Variable(
                                                            Intrinsic(
                                                                Print,
                                                            ),
                                                        ),
                                                    },
                                                    arguments: [
                                                        AirExpression {
                                                            id: SyntaxId {
                                                                file_id: Some(
                                                                    FileId(
                                                                        1,
                                                                    ),
                                                                ),
                                                                number: 155441405049134,
                                                            },
                                                            type: Computed(
                                                                NumberLiteral(
                                                                    TypeId {
                                                                        id: SyntaxId {
                                                                            file_id: None,
                                                                            number: 1,
                                                                        },
                                                                        kind: "auryn_compiler::auryn::air::typecheck::types::NumberLiteralType",
                                                                    },
                                                                ),
                                                            ),
                                                            kind: Constant(
                                                                Number(
                                                                    0,
                                                                ),
                                                            ),
                                                        },
                                                    ],
                                                    generic_arguments: Computed(
                                                        [],
                                                    ),
                                                },
                                            ),
                                        },
                                    ),
                                },
                            ],
                            finalizer: Goto(
                                AirBlockId(
                                    3,
                                ),
                            ),
                        },
                        AirBlockId(
                            2,
                        ): AirBlock {
                            nodes: [
                                AirNode {
                                    id: SyntaxId {
                                        file_id: Some(
                                            FileId(
                                                1,
                                            ),
                                        ),
                                        number: 214257071824482,
                                    },
                                    kind: Expression(
                                        AirExpression {
                                            id: SyntaxId {
                                                file_id: Some(
                                                    FileId(
                                                        1,
                                                    ),
                                                ),
                                                number: 214257071824482,
                                            },
                                            type: Computed(
                                                Structural(
                                                    TypeId {
                                                        id: SyntaxId {
                                                            file_id: None,
                                                            number: 1,
                                                        },
                                                        kind: "auryn_compiler::auryn::air::typecheck::types::StructuralType",
                                                    },
                                                ),
                                            ),
                                            kind: Call(
                                                Call {
                                                    function: AirExpression {
                                                        id: SyntaxId {
                                                            file_id: Some(
                                                                FileId(
                                                                    1,
                                                                ),
                                                            ),
                                                            number: 226860428990628,
                                                        },
                                                        type: Computed(
                                                            Intrinsic(
                                                                TypeId {
                                                                    id: SyntaxId {
                                                                        file_id: None,
                                                                        number: 1,
                                                                    },
                                                                    kind: "auryn_compiler::auryn::air::typecheck::types::IntrinsicType",
                                                                },
                                                            ),
                                                        ),
                                                        kind: Variable(
                                                            Intrinsic(
                                                                Print,
                                                            ),
                                                        ),
                                                    },
                                                    arguments: [
                                                        AirExpression {
                                                            id: SyntaxId {
                                                                file_id: Some(
                                                                    FileId(
                                                                        1,
                                                                    ),
                                                                ),
                                                                number: 252067143322920,
                                                            },
                                                            type: Computed(
                                                                NumberLiteral(
                                                                    TypeId {
                                                                        id: SyntaxId {
                                                                            file_id: None,
                                                                            number: 2,
                                                                        },
                                                                        kind: "auryn_compiler::auryn::air::typecheck::types::NumberLiteralType",
                                                                    },
                                                                ),
                                                            ),
                                                            kind: Constant(
                                                                Number(
                                                                    1,
                                                                ),
                                                            ),
                                                        },
                                                    ],
                                                    generic_arguments: Computed(
                                                        [],
                                                    ),
                                                },
                                            ),
                                        },
                                    ),
                                },
                            ],
                            finalizer: Goto(
                                AirBlockId(
                                    3,
                                ),
                            ),
                        },
                    },
                },
            },
        },
        ty_ctx: TypeContext { .. },
    },
    Diagnostics {
        diagnostics: [],
    },
)
