---
source: crates/auryn-compiler/src/auryn/air/mod.rs
expression: "compile(r#\"\n            fn identity[T](value: T) -> T {\n                return value\n            }\n\n            fn main() {\n                let a: I64 = identity(10)\n            }\n            \"#)"
---
(
    Air {
        globals: Globals {
            functions: {
                AirFunctionId(
                    AirStaticValueId(
                        SyntaxId {
                            file_id: Some(
                                FileId(
                                    1,
                                ),
                            ),
                            number: Some(
                                62549994824592,
                            ),
                        },
                    ),
                ): AirFunction {
                    type: Computed(
                        FunctionItem(
                            TypeId {
                                id: SyntaxId {
                                    file_id: Some(
                                        FileId(
                                            1,
                                        ),
                                    ),
                                    number: Some(
                                        62549994824592,
                                    ),
                                },
                                kind: "auryn_compiler::auryn::air::typecheck::types::FunctionItemType",
                            },
                        ),
                    ),
                    unresolved_type: Function(
                        UnresolvedFunction {
                            parameters_reference: SyntaxId {
                                file_id: Some(
                                    FileId(
                                        1,
                                    ),
                                ),
                                number: Some(
                                    73922721156333,
                                ),
                            },
                            type_parameters: [
                                "T",
                            ],
                            parameters: [
                                DefinedType(
                                    Generic(
                                        GenericId(
                                            0,
                                        ),
                                    ),
                                ),
                            ],
                            return_type: Some(
                                DefinedType(
                                    Generic(
                                        GenericId(
                                            0,
                                        ),
                                    ),
                                ),
                            ),
                            reference: UserDefined(
                                AirFunctionId(
                                    AirStaticValueId(
                                        SyntaxId {
                                            file_id: Some(
                                                FileId(
                                                    1,
                                                ),
                                            ),
                                            number: Some(
                                                62549994824592,
                                            ),
                                        },
                                    ),
                                ),
                            ),
                        },
                    ),
                    ident: "identity",
                    blocks: {
                        AirBlockId(
                            0,
                        ): AirBlock {
                            nodes: [],
                            finalizer: Return(
                                Expression(
                                    AirExpression {
                                        id: SyntaxId {
                                            file_id: Some(
                                                FileId(
                                                    1,
                                                ),
                                            ),
                                            number: Some(
                                                88770447200552,
                                            ),
                                        },
                                        type: Computed(
                                            Generic(
                                                TypeId {
                                                    id: SyntaxId {
                                                        file_id: None,
                                                        number: Some(
                                                            3,
                                                        ),
                                                    },
                                                    kind: "auryn_compiler::auryn::air::typecheck::types::GenericType",
                                                },
                                            ),
                                        ),
                                        kind: Variable(
                                            Local(
                                                AirLocalValueId(
                                                    0,
                                                ),
                                            ),
                                        ),
                                    },
                                ),
                            ),
                        },
                        AirBlockId(
                            1,
                        ): AirBlock {
                            nodes: [],
                            finalizer: Return(
                                Null(
                                    SyntaxId {
                                        file_id: Some(
                                            FileId(
                                                1,
                                            ),
                                        ),
                                        number: Some(
                                            88138629071008,
                                        ),
                                    },
                                ),
                            ),
                        },
                    },
                },
                AirFunctionId(
                    AirStaticValueId(
                        SyntaxId {
                            file_id: Some(
                                FileId(
                                    1,
                                ),
                            ),
                            number: Some(
                                187649984473768,
                            ),
                        },
                    ),
                ): AirFunction {
                    type: Computed(
                        FunctionItem(
                            TypeId {
                                id: SyntaxId {
                                    file_id: Some(
                                        FileId(
                                            1,
                                        ),
                                    ),
                                    number: Some(
                                        187649984473768,
                                    ),
                                },
                                kind: "auryn_compiler::auryn::air::typecheck::types::FunctionItemType",
                            },
                        ),
                    ),
                    unresolved_type: Function(
                        UnresolvedFunction {
                            parameters_reference: SyntaxId {
                                file_id: Some(
                                    FileId(
                                        1,
                                    ),
                                ),
                                number: Some(
                                    198074983611197,
                                ),
                            },
                            type_parameters: [],
                            parameters: [],
                            return_type: None,
                            reference: UserDefined(
                                AirFunctionId(
                                    AirStaticValueId(
                                        SyntaxId {
                                            file_id: Some(
                                                FileId(
                                                    1,
                                                ),
                                            ),
                                            number: Some(
                                                187649984473768,
                                            ),
                                        },
                                    ),
                                ),
                            ),
                        },
                    ),
                    ident: "main",
                    blocks: {
                        AirBlockId(
                            0,
                        ): AirBlock {
                            nodes: [
                                AirNode {
                                    id: SyntaxId {
                                        file_id: Some(
                                            FileId(
                                                1,
                                            ),
                                        ),
                                        number: Some(
                                            211974982461103,
                                        ),
                                    },
                                    kind: Assignment(
                                        Assignment {
                                            target: AirLocalValueId(
                                                0,
                                            ),
                                            expected_type: Some(
                                                Ident(
                                                    SyntaxId {
                                                        file_id: Some(
                                                            FileId(
                                                                1,
                                                            ),
                                                        ),
                                                        number: Some(
                                                            212618500926376,
                                                        ),
                                                    },
                                                    "I64",
                                                ),
                                            ),
                                            expression: AirExpression {
                                                id: SyntaxId {
                                                    file_id: Some(
                                                        FileId(
                                                            1,
                                                        ),
                                                    ),
                                                    number: Some(
                                                        213004612005537,
                                                    ),
                                                },
                                                type: Computed(
                                                    I64,
                                                ),
                                                kind: Call(
                                                    Call {
                                                        function: AirExpression {
                                                            id: SyntaxId {
                                                                file_id: Some(
                                                                    FileId(
                                                                        1,
                                                                    ),
                                                                ),
                                                                number: Some(
                                                                    213004612005540,
                                                                ),
                                                            },
                                                            type: Computed(
                                                                FunctionItem(
                                                                    TypeId {
                                                                        id: SyntaxId {
                                                                            file_id: Some(
                                                                                FileId(
                                                                                    1,
                                                                                ),
                                                                            ),
                                                                            number: Some(
                                                                                62549994824592,
                                                                            ),
                                                                        },
                                                                        kind: "auryn_compiler::auryn::air::typecheck::types::FunctionItemType",
                                                                    },
                                                                ),
                                                            ),
                                                            kind: Variable(
                                                                Global(
                                                                    AirStaticValueId(
                                                                        SyntaxId {
                                                                            file_id: Some(
                                                                                FileId(
                                                                                    1,
                                                                                ),
                                                                            ),
                                                                            number: Some(
                                                                                62549994824592,
                                                                            ),
                                                                        },
                                                                    ),
                                                                ),
                                                            ),
                                                        },
                                                        arguments: [
                                                            AirExpression {
                                                                id: SyntaxId {
                                                                    file_id: Some(
                                                                        FileId(
                                                                            1,
                                                                        ),
                                                                    ),
                                                                    number: Some(
                                                                        213090414467576,
                                                                    ),
                                                                },
                                                                type: Computed(
                                                                    I64,
                                                                ),
                                                                kind: Constant(
                                                                    Number(
                                                                        10,
                                                                    ),
                                                                ),
                                                            },
                                                        ],
                                                        generic_arguments: Computed(
                                                            [
                                                                I64,
                                                            ],
                                                        ),
                                                    },
                                                ),
                                            },
                                        },
                                    ),
                                },
                            ],
                            finalizer: Return(
                                Null(
                                    SyntaxId {
                                        file_id: Some(
                                            FileId(
                                                1,
                                            ),
                                        ),
                                        number: Some(
                                            211974982461101,
                                        ),
                                    },
                                ),
                            ),
                        },
                    },
                },
            },
            types: {
                Module(
                    TypeId {
                        id: SyntaxId {
                            file_id: Some(
                                FileId(
                                    1,
                                ),
                            ),
                            number: Some(
                                1,
                            ),
                        },
                        kind: "auryn_compiler::auryn::air::typecheck::types::ModuleType",
                    },
                ): Computed(
                    Module(
                        TypeId {
                            id: SyntaxId {
                                file_id: Some(
                                    FileId(
                                        1,
                                    ),
                                ),
                                number: Some(
                                    1,
                                ),
                            },
                            kind: "auryn_compiler::auryn::air::typecheck::types::ModuleType",
                        },
                    ),
                ),
            },
            type_aliases: {},
            statics: {
                AirStaticValueId(
                    SyntaxId {
                        file_id: Some(
                            FileId(
                                1,
                            ),
                        ),
                        number: Some(
                            62549994824592,
                        ),
                    },
                ): Function(
                    AirFunctionId(
                        AirStaticValueId(
                            SyntaxId {
                                file_id: Some(
                                    FileId(
                                        1,
                                    ),
                                ),
                                number: Some(
                                    62549994824592,
                                ),
                            },
                        ),
                    ),
                ),
                AirStaticValueId(
                    SyntaxId {
                        file_id: Some(
                            FileId(
                                1,
                            ),
                        ),
                        number: Some(
                            187649984473768,
                        ),
                    },
                ): Function(
                    AirFunctionId(
                        AirStaticValueId(
                            SyntaxId {
                                file_id: Some(
                                    FileId(
                                        1,
                                    ),
                                ),
                                number: Some(
                                    187649984473768,
                                ),
                            },
                        ),
                    ),
                ),
            },
        },
        ty_ctx: TypeContext {
            array_bounds: {},
            number_literals: {},
            arrays: {},
            metas: {
                TypeId {
                    id: SyntaxId {
                        file_id: None,
                        number: Some(
                            2,
                        ),
                    },
                    kind: "auryn_compiler::auryn::air::typecheck::types::MetaType",
                }: MetaType {
                    inner: Module(
                        TypeId {
                            id: SyntaxId {
                                file_id: Some(
                                    FileId(
                                        1,
                                    ),
                                ),
                                number: Some(
                                    1,
                                ),
                            },
                            kind: "auryn_compiler::auryn::air::typecheck::types::ModuleType",
                        },
                    ),
                },
            },
            structurals: {
                TypeId {
                    id: SyntaxId {
                        file_id: None,
                        number: Some(
                            1,
                        ),
                    },
                    kind: "auryn_compiler::auryn::air::typecheck::types::StructuralType",
                }: StructuralType {
                    fields: [],
                },
            },
            structs: {},
            externs: {},
            modules: {
                TypeId {
                    id: SyntaxId {
                        file_id: Some(
                            FileId(
                                1,
                            ),
                        ),
                        number: Some(
                            1,
                        ),
                    },
                    kind: "auryn_compiler::auryn::air::typecheck::types::ModuleType",
                }: ModuleType {
                    name: "main",
                    members: {
                        "main": FunctionItem(
                            TypeId {
                                id: SyntaxId {
                                    file_id: Some(
                                        FileId(
                                            1,
                                        ),
                                    ),
                                    number: Some(
                                        187649984473768,
                                    ),
                                },
                                kind: "auryn_compiler::auryn::air::typecheck::types::FunctionItemType",
                            },
                        ),
                        "identity": FunctionItem(
                            TypeId {
                                id: SyntaxId {
                                    file_id: Some(
                                        FileId(
                                            1,
                                        ),
                                    ),
                                    number: Some(
                                        62549994824592,
                                    ),
                                },
                                kind: "auryn_compiler::auryn::air::typecheck::types::FunctionItemType",
                            },
                        ),
                    },
                },
            },
            function_items: {
                TypeId {
                    id: SyntaxId {
                        file_id: Some(
                            FileId(
                                1,
                            ),
                        ),
                        number: Some(
                            62549994824592,
                        ),
                    },
                    kind: "auryn_compiler::auryn::air::typecheck::types::FunctionItemType",
                }: FunctionItemType {
                    type_parameters: [
                        GenericType {
                            id: GenericId(
                                0,
                            ),
                            ident: "T",
                        },
                    ],
                    parameters: FunctionParameters {
                        parameters: [
                            Generic(
                                TypeId {
                                    id: SyntaxId {
                                        file_id: None,
                                        number: Some(
                                            3,
                                        ),
                                    },
                                    kind: "auryn_compiler::auryn::air::typecheck::types::GenericType",
                                },
                            ),
                        ],
                        parameters_reference: SyntaxId {
                            file_id: Some(
                                FileId(
                                    1,
                                ),
                            ),
                            number: Some(
                                73922721156333,
                            ),
                        },
                    },
                    return_type: Generic(
                        TypeId {
                            id: SyntaxId {
                                file_id: None,
                                number: Some(
                                    3,
                                ),
                            },
                            kind: "auryn_compiler::auryn::air::typecheck::types::GenericType",
                        },
                    ),
                    reference: UserDefined(
                        AirFunctionId(
                            AirStaticValueId(
                                SyntaxId {
                                    file_id: Some(
                                        FileId(
                                            1,
                                        ),
                                    ),
                                    number: Some(
                                        62549994824592,
                                    ),
                                },
                            ),
                        ),
                    ),
                },
                TypeId {
                    id: SyntaxId {
                        file_id: Some(
                            FileId(
                                1,
                            ),
                        ),
                        number: Some(
                            187649984473768,
                        ),
                    },
                    kind: "auryn_compiler::auryn::air::typecheck::types::FunctionItemType",
                }: FunctionItemType {
                    type_parameters: [],
                    parameters: FunctionParameters {
                        parameters: [],
                        parameters_reference: SyntaxId {
                            file_id: Some(
                                FileId(
                                    1,
                                ),
                            ),
                            number: Some(
                                198074983611197,
                            ),
                        },
                    },
                    return_type: Structural(
                        TypeId {
                            id: SyntaxId {
                                file_id: None,
                                number: Some(
                                    1,
                                ),
                            },
                            kind: "auryn_compiler::auryn::air::typecheck::types::StructuralType",
                        },
                    ),
                    reference: UserDefined(
                        AirFunctionId(
                            AirStaticValueId(
                                SyntaxId {
                                    file_id: Some(
                                        FileId(
                                            1,
                                        ),
                                    ),
                                    number: Some(
                                        187649984473768,
                                    ),
                                },
                            ),
                        ),
                    ),
                },
            },
            intrinsics: {},
            generics: {
                TypeId {
                    id: SyntaxId {
                        file_id: None,
                        number: Some(
                            3,
                        ),
                    },
                    kind: "auryn_compiler::auryn::air::typecheck::types::GenericType",
                }: GenericType {
                    id: GenericId(
                        0,
                    ),
                    ident: "T",
                },
            },
            special_types: SpecialTypes {
                unit: Structural(
                    TypeId {
                        id: SyntaxId {
                            file_id: None,
                            number: Some(
                                1,
                            ),
                        },
                        kind: "auryn_compiler::auryn::air::typecheck::types::StructuralType",
                    },
                ),
            },
            next_id: 4,
        },
    },
    Diagnostics {
        diagnostics: [],
    },
)
