---
source: crates/auryn-compiler/src/auryn/air/mod.rs
expression: "compile(r#\"\n            fn identity[T](value: T) -> T {\n                return value\n            }\n\n            fn main() {\n                let a: I64 = identity(10)\n            }\n            \"#)"
---
(
    Air {
        globals: Globals {
            functions: {
                AirFunctionId(
                    AirStaticValueId(
                        SyntaxId {
                            file_id: Some(
                                FileId(
                                    1,
                                ),
                            ),
                            number: 194599983898720,
                        },
                    ),
                ): AirFunction {
                    type: FunctionItem(
                        TypeId {
                            id: SyntaxId {
                                file_id: Some(
                                    FileId(
                                        1,
                                    ),
                                ),
                                number: 194599983898720,
                            },
                            kind: "auryn_compiler::auryn::air::typecheck::types::FunctionItemType",
                        },
                    ),
                    ident: "main",
                    blocks: {
                        AirBlockId(
                            0,
                        ): AirBlock {
                            nodes: [
                                AirNode {
                                    id: SyntaxId {
                                        file_id: Some(
                                            FileId(
                                                1,
                                            ),
                                        ),
                                        number: 211974982461102,
                                    },
                                    kind: Assignment(
                                        Assignment {
                                            target: AirLocalValueId(
                                                0,
                                            ),
                                            expected_type: Some(
                                                Application {
                                                    id: SyntaxId {
                                                        file_id: Some(
                                                            FileId(
                                                                1,
                                                            ),
                                                        ),
                                                        number: 212618500926374,
                                                    },
                                                    type: Path {
                                                        base_id: SyntaxId {
                                                            file_id: Some(
                                                                FileId(
                                                                    1,
                                                                ),
                                                            ),
                                                            number: 212618500926376,
                                                        },
                                                        base: Resolved(
                                                            I64,
                                                        ),
                                                        segments: [],
                                                    },
                                                    generic_arguments: [],
                                                },
                                            ),
                                            expression: AirExpression {
                                                id: SyntaxId {
                                                    file_id: Some(
                                                        FileId(
                                                            1,
                                                        ),
                                                    ),
                                                    number: 213004612005536,
                                                },
                                                type: Computed(
                                                    I64,
                                                ),
                                                kind: Call(
                                                    Call {
                                                        function: AirExpression {
                                                            id: SyntaxId {
                                                                file_id: Some(
                                                                    FileId(
                                                                        1,
                                                                    ),
                                                                ),
                                                                number: 213004612005539,
                                                            },
                                                            type: Computed(
                                                                FunctionItem(
                                                                    TypeId {
                                                                        id: SyntaxId {
                                                                            file_id: Some(
                                                                                FileId(
                                                                                    1,
                                                                                ),
                                                                            ),
                                                                            number: 68236357990462,
                                                                        },
                                                                        kind: "auryn_compiler::auryn::air::typecheck::types::FunctionItemType",
                                                                    },
                                                                ),
                                                            ),
                                                            kind: Variable(
                                                                Global(
                                                                    AirStaticValueId(
                                                                        SyntaxId {
                                                                            file_id: Some(
                                                                                FileId(
                                                                                    1,
                                                                                ),
                                                                            ),
                                                                            number: 68236357990462,
                                                                        },
                                                                    ),
                                                                ),
                                                            ),
                                                        },
                                                        arguments: [
                                                            AirExpression {
                                                                id: SyntaxId {
                                                                    file_id: Some(
                                                                        FileId(
                                                                            1,
                                                                        ),
                                                                    ),
                                                                    number: 213090414467575,
                                                                },
                                                                type: Computed(
                                                                    I64,
                                                                ),
                                                                kind: Constant(
                                                                    Number(
                                                                        10,
                                                                    ),
                                                                ),
                                                            },
                                                        ],
                                                        generic_arguments: Computed(
                                                            [
                                                                I64,
                                                            ],
                                                        ),
                                                    },
                                                ),
                                            },
                                        },
                                    ),
                                },
                            ],
                            finalizer: Return(
                                Null(
                                    SyntaxId {
                                        file_id: Some(
                                            FileId(
                                                1,
                                            ),
                                        ),
                                        number: 211974982461100,
                                    },
                                ),
                            ),
                        },
                    },
                },
                AirFunctionId(
                    AirStaticValueId(
                        SyntaxId {
                            file_id: Some(
                                FileId(
                                    1,
                                ),
                            ),
                            number: 68236357990462,
                        },
                    ),
                ): AirFunction {
                    type: FunctionItem(
                        TypeId {
                            id: SyntaxId {
                                file_id: Some(
                                    FileId(
                                        1,
                                    ),
                                ),
                                number: 68236357990462,
                            },
                            kind: "auryn_compiler::auryn::air::typecheck::types::FunctionItemType",
                        },
                    ),
                    ident: "identity",
                    blocks: {
                        AirBlockId(
                            0,
                        ): AirBlock {
                            nodes: [],
                            finalizer: Return(
                                Expression(
                                    AirExpression {
                                        id: SyntaxId {
                                            file_id: Some(
                                                FileId(
                                                    1,
                                                ),
                                            ),
                                            number: 88770447200551,
                                        },
                                        type: Computed(
                                            Generic(
                                                TypeId {
                                                    id: SyntaxId {
                                                        file_id: None,
                                                        number: 1,
                                                    },
                                                    kind: "auryn_compiler::auryn::air::typecheck::types::GenericType",
                                                },
                                            ),
                                        ),
                                        kind: Variable(
                                            Local(
                                                AirLocalValueId(
                                                    0,
                                                ),
                                            ),
                                        ),
                                    },
                                ),
                            ),
                        },
                        AirBlockId(
                            1,
                        ): AirBlock {
                            nodes: [],
                            finalizer: Return(
                                Null(
                                    SyntaxId {
                                        file_id: Some(
                                            FileId(
                                                1,
                                            ),
                                        ),
                                        number: 88138629071007,
                                    },
                                ),
                            ),
                        },
                    },
                },
            },
        },
        ty_ctx: TypeContext { .. },
    },
    Diagnostics {
        diagnostics: [],
    },
)
