---
source: crates/auryn-compiler/src/auryn/air/mod.rs
expression: "compile_wrapped(\"let a: I64 = arrayGet(arrayOfZeros(3), 1)\")"
---
(
    Air {
        globals: Globals {
            functions: {
                AirFunctionId(
                    AirStaticValueId(
                        SyntaxId {
                            file_id: Some(
                                FileId(
                                    1,
                                ),
                            ),
                            number: 70368744177666,
                        },
                    ),
                ): AirFunction {
                    type: FunctionItem(
                        TypeId {
                            id: SyntaxId {
                                file_id: Some(
                                    FileId(
                                        1,
                                    ),
                                ),
                                number: 70368744177666,
                            },
                            kind: "auryn_compiler::auryn::air::typecheck::types::FunctionItemType",
                        },
                    ),
                    ident: "main",
                    blocks: {
                        AirBlockId(
                            0,
                        ): AirBlock {
                            nodes: [
                                AirNode {
                                    id: SyntaxId {
                                        file_id: Some(
                                            FileId(
                                                1,
                                            ),
                                        ),
                                        number: 211106232532992,
                                    },
                                    kind: Assignment(
                                        Assignment {
                                            target: AirLocalValueId(
                                                0,
                                            ),
                                            expected_type: Some(
                                                Application {
                                                    id: SyntaxId {
                                                        file_id: Some(
                                                            FileId(
                                                                1,
                                                            ),
                                                        ),
                                                        number: 230653105915674,
                                                    },
                                                    type: Path {
                                                        base_id: SyntaxId {
                                                            file_id: Some(
                                                                FileId(
                                                                    1,
                                                                ),
                                                            ),
                                                            number: 230653105915676,
                                                        },
                                                        base: Resolved(
                                                            I64,
                                                        ),
                                                        segments: [],
                                                    },
                                                    generic_arguments: [],
                                                },
                                            ),
                                            expression: AirExpression {
                                                id: SyntaxId {
                                                    file_id: Some(
                                                        FileId(
                                                            1,
                                                        ),
                                                    ),
                                                    number: 242381229945282,
                                                },
                                                type: Computed(
                                                    I64,
                                                ),
                                                kind: Call(
                                                    Call {
                                                        function: AirExpression {
                                                            id: SyntaxId {
                                                                file_id: Some(
                                                                    FileId(
                                                                        1,
                                                                    ),
                                                                ),
                                                                number: 242381229945285,
                                                            },
                                                            type: Computed(
                                                                Intrinsic(
                                                                    TypeId {
                                                                        id: SyntaxId {
                                                                            file_id: None,
                                                                            number: 1,
                                                                        },
                                                                        kind: "auryn_compiler::auryn::air::typecheck::types::IntrinsicType",
                                                                    },
                                                                ),
                                                            ),
                                                            kind: Variable(
                                                                Intrinsic(
                                                                    ArrayGet,
                                                                ),
                                                            ),
                                                        },
                                                        arguments: [
                                                            AirExpression {
                                                                id: SyntaxId {
                                                                    file_id: Some(
                                                                        FileId(
                                                                            1,
                                                                        ),
                                                                    ),
                                                                    number: 244615158331876,
                                                                },
                                                                type: Computed(
                                                                    Array(
                                                                        TypeId {
                                                                            id: SyntaxId {
                                                                                file_id: None,
                                                                                number: 1,
                                                                            },
                                                                            kind: "auryn_compiler::auryn::air::typecheck::types::ArrayType",
                                                                        },
                                                                    ),
                                                                ),
                                                                kind: Call(
                                                                    Call {
                                                                        function: AirExpression {
                                                                            id: SyntaxId {
                                                                                file_id: Some(
                                                                                    FileId(
                                                                                        1,
                                                                                    ),
                                                                                ),
                                                                                number: 244615158331879,
                                                                            },
                                                                            type: Computed(
                                                                                Intrinsic(
                                                                                    TypeId {
                                                                                        id: SyntaxId {
                                                                                            file_id: None,
                                                                                            number: 2,
                                                                                        },
                                                                                        kind: "auryn_compiler::auryn::air::typecheck::types::IntrinsicType",
                                                                                    },
                                                                                ),
                                                                            ),
                                                                            kind: Variable(
                                                                                Intrinsic(
                                                                                    ArrayOfZeros,
                                                                                ),
                                                                            ),
                                                                        },
                                                                        arguments: [
                                                                            AirExpression {
                                                                                id: SyntaxId {
                                                                                    file_id: Some(
                                                                                        FileId(
                                                                                            1,
                                                                                        ),
                                                                                    ),
                                                                                    number: 244801319030760,
                                                                                },
                                                                                type: Computed(
                                                                                    I32,
                                                                                ),
                                                                                kind: Constant(
                                                                                    Number(
                                                                                        3,
                                                                                    ),
                                                                                ),
                                                                            },
                                                                        ],
                                                                        generic_arguments: Computed(
                                                                            [],
                                                                        ),
                                                                    },
                                                                ),
                                                            },
                                                            AirExpression {
                                                                id: SyntaxId {
                                                                    file_id: Some(
                                                                        FileId(
                                                                            1,
                                                                        ),
                                                                    ),
                                                                    number: 245452881476846,
                                                                },
                                                                type: Computed(
                                                                    I32,
                                                                ),
                                                                kind: Constant(
                                                                    Number(
                                                                        1,
                                                                    ),
                                                                ),
                                                            },
                                                        ],
                                                        generic_arguments: Computed(
                                                            [],
                                                        ),
                                                    },
                                                ),
                                            },
                                        },
                                    ),
                                },
                            ],
                            finalizer: Return(
                                Null(
                                    SyntaxId {
                                        file_id: Some(
                                            FileId(
                                                1,
                                            ),
                                        ),
                                        number: 211106232532990,
                                    },
                                ),
                            ),
                        },
                    },
                },
            },
        },
        ty_ctx: TypeContext { .. },
    },
    Diagnostics {
        diagnostics: [],
    },
)
