---
source: crates/auryn-compiler/src/auryn/air/mod.rs
expression: "compile_wrapped(r#\"\n            let a: I32 = 0\n            if true {\n                let a: I32 = 1\n            }\n            a\n            \"#)"
---
(
    Air {
        globals: Globals {
            functions: {
                AirFunctionId(
                    AirStaticValueId(
                        SyntaxId {
                            file_id: Some(
                                FileId(
                                    1,
                                ),
                            ),
                            number: 21110623253298,
                        },
                    ),
                ): AirFunction {
                    type: FunctionItem(
                        TypeId {
                            id: SyntaxId {
                                file_id: Some(
                                    FileId(
                                        1,
                                    ),
                                ),
                                number: 21110623253298,
                            },
                            kind: "auryn_compiler::auryn::air::typecheck::types::FunctionItemType",
                        },
                    ),
                    ident: "main",
                    blocks: {
                        AirBlockId(
                            0,
                        ): AirBlock {
                            nodes: [
                                AirNode {
                                    id: SyntaxId {
                                        file_id: Some(
                                            FileId(
                                                1,
                                            ),
                                        ),
                                        number: 59813432551011,
                                    },
                                    kind: Assignment(
                                        Assignment {
                                            target: AirLocalValueId(
                                                0,
                                            ),
                                            expected_type: Some(
                                                Application {
                                                    id: SyntaxId {
                                                        file_id: Some(
                                                            FileId(
                                                                1,
                                                            ),
                                                        ),
                                                        number: 84442493013192,
                                                    },
                                                    type: Path {
                                                        base_id: SyntaxId {
                                                            file_id: Some(
                                                                FileId(
                                                                    1,
                                                                ),
                                                            ),
                                                            number: 91479367430958,
                                                        },
                                                        base: Resolved(
                                                            I32,
                                                        ),
                                                        segments: [],
                                                    },
                                                    generic_arguments: [],
                                                },
                                            ),
                                            expression: AirExpression {
                                                id: SyntaxId {
                                                    file_id: Some(
                                                        FileId(
                                                            1,
                                                        ),
                                                    ),
                                                    number: 112589990684256,
                                                },
                                                type: Computed(
                                                    I32,
                                                ),
                                                kind: Constant(
                                                    Number(
                                                        0,
                                                    ),
                                                ),
                                            },
                                        },
                                    ),
                                },
                            ],
                            finalizer: Branch {
                                value: AirExpression {
                                    id: SyntaxId {
                                        file_id: Some(
                                            FileId(
                                                1,
                                            ),
                                        ),
                                        number: 147774362773086,
                                    },
                                    type: Computed(
                                        Bool,
                                    ),
                                    kind: Constant(
                                        Boolean(
                                            true,
                                        ),
                                    ),
                                },
                                pos_block: AirBlockId(
                                    1,
                                ),
                                neg_block: AirBlockId(
                                    2,
                                ),
                            },
                        },
                        AirBlockId(
                            3,
                        ): AirBlock {
                            nodes: [
                                AirNode {
                                    id: SyntaxId {
                                        file_id: Some(
                                            FileId(
                                                1,
                                            ),
                                        ),
                                        number: 267401227875108,
                                    },
                                    kind: Expression(
                                        AirExpression {
                                            id: SyntaxId {
                                                file_id: Some(
                                                    FileId(
                                                        1,
                                                    ),
                                                ),
                                                number: 267401227875108,
                                            },
                                            type: Computed(
                                                I32,
                                            ),
                                            kind: Variable(
                                                Local(
                                                    AirLocalValueId(
                                                        0,
                                                    ),
                                                ),
                                            ),
                                        },
                                    ),
                                },
                            ],
                            finalizer: Return(
                                Null(
                                    SyntaxId {
                                        file_id: Some(
                                            FileId(
                                                1,
                                            ),
                                        ),
                                        number: 52776558133245,
                                    },
                                ),
                            ),
                        },
                        AirBlockId(
                            1,
                        ): AirBlock {
                            nodes: [
                                AirNode {
                                    id: SyntaxId {
                                        file_id: Some(
                                            FileId(
                                                1,
                                            ),
                                        ),
                                        number: 175921860444150,
                                    },
                                    kind: Assignment(
                                        Assignment {
                                            target: AirLocalValueId(
                                                1,
                                            ),
                                            expected_type: Some(
                                                Application {
                                                    id: SyntaxId {
                                                        file_id: Some(
                                                            FileId(
                                                                1,
                                                            ),
                                                        ),
                                                        number: 200550920906331,
                                                    },
                                                    type: Path {
                                                        base_id: SyntaxId {
                                                            file_id: Some(
                                                                FileId(
                                                                    1,
                                                                ),
                                                            ),
                                                            number: 207587795324097,
                                                        },
                                                        base: Resolved(
                                                            I32,
                                                        ),
                                                        segments: [],
                                                    },
                                                    generic_arguments: [],
                                                },
                                            ),
                                            expression: AirExpression {
                                                id: SyntaxId {
                                                    file_id: Some(
                                                        FileId(
                                                            1,
                                                        ),
                                                    ),
                                                    number: 228698418577395,
                                                },
                                                type: Computed(
                                                    I32,
                                                ),
                                                kind: Constant(
                                                    Number(
                                                        1,
                                                    ),
                                                ),
                                            },
                                        },
                                    ),
                                },
                            ],
                            finalizer: Goto(
                                AirBlockId(
                                    3,
                                ),
                            ),
                        },
                        AirBlockId(
                            2,
                        ): AirBlock {
                            nodes: [],
                            finalizer: Goto(
                                AirBlockId(
                                    3,
                                ),
                            ),
                        },
                    },
                },
            },
        },
        ty_ctx: TypeContext { .. },
    },
    Diagnostics {
        diagnostics: [],
    },
)
