---
source: crates/auryn-compiler/src/auryn/air/mod.rs
expression: "compile(\"fn main() {}\\nfn foo(array: []I32) -> []I32 { return array }\")"
---
(
    Air {
        globals: Globals {
            functions: {
                AirFunctionId(
                    AirStaticValueId(
                        SyntaxId {
                            file_id: Some(
                                FileId(
                                    1,
                                ),
                            ),
                            number: 27686063283012,
                        },
                    ),
                ): AirFunction {
                    type: FunctionItem(
                        TypeId {
                            id: SyntaxId {
                                file_id: Some(
                                    FileId(
                                        1,
                                    ),
                                ),
                                number: 27686063283012,
                            },
                            kind: "auryn_compiler::auryn::air::typecheck::types::FunctionItemType",
                        },
                    ),
                    ident: "main",
                    blocks: {
                        AirBlockId(
                            0,
                        ): AirBlock {
                            nodes: [],
                            finalizer: Return(
                                Null(
                                    SyntaxId {
                                        file_id: Some(
                                            FileId(
                                                1,
                                            ),
                                        ),
                                        number: 55372126566024,
                                    },
                                ),
                            ),
                        },
                    },
                },
                AirFunctionId(
                    AirStaticValueId(
                        SyntaxId {
                            file_id: Some(
                                FileId(
                                    1,
                                ),
                            ),
                            number: 87672533729538,
                        },
                    ),
                ): AirFunction {
                    type: FunctionItem(
                        TypeId {
                            id: SyntaxId {
                                file_id: Some(
                                    FileId(
                                        1,
                                    ),
                                ),
                                number: 87672533729538,
                            },
                            kind: "auryn_compiler::auryn::air::typecheck::types::FunctionItemType",
                        },
                    ),
                    ident: "foo",
                    blocks: {
                        AirBlockId(
                            0,
                        ): AirBlock {
                            nodes: [],
                            finalizer: Return(
                                Expression(
                                    AirExpression {
                                        id: SyntaxId {
                                            file_id: Some(
                                                FileId(
                                                    1,
                                                ),
                                            ),
                                            number: 267631945069116,
                                        },
                                        type: Computed(
                                            Array(
                                                TypeId {
                                                    id: SyntaxId {
                                                        file_id: None,
                                                        number: 1,
                                                    },
                                                    kind: "auryn_compiler::auryn::air::typecheck::types::ArrayType",
                                                },
                                            ),
                                        ),
                                        kind: Variable(
                                            Local(
                                                AirLocalValueId(
                                                    0,
                                                ),
                                            ),
                                        ),
                                    },
                                ),
                            ),
                        },
                        AirBlockId(
                            1,
                        ): AirBlock {
                            nodes: [],
                            finalizer: Return(
                                Null(
                                    SyntaxId {
                                        file_id: Some(
                                            FileId(
                                                1,
                                            ),
                                        ),
                                        number: 230717194025100,
                                    },
                                ),
                            ),
                        },
                    },
                },
            },
        },
        ty_ctx: TypeContext { .. },
    },
    Diagnostics {
        diagnostics: [],
    },
)
