---
source: crates/auryn-compiler/src/auryn/air/mod.rs
expression: "compile_wrapped(\"let a: () = print(1)\")"
---
(
    Air {
        globals: Globals {
            functions: {
                AirFunctionId(
                    AirStaticValueId(
                        SyntaxId {
                            file_id: Some(
                                FileId(
                                    1,
                                ),
                            ),
                            number: Some(
                                70368744177667,
                            ),
                        },
                    ),
                ): AirFunction {
                    type: FunctionItem(
                        TypeId {
                            id: SyntaxId {
                                file_id: Some(
                                    FileId(
                                        1,
                                    ),
                                ),
                                number: Some(
                                    70368744177667,
                                ),
                            },
                            kind: "auryn_compiler::auryn::air::typecheck::types::FunctionItemType",
                        },
                    ),
                    ident: "main",
                    blocks: {
                        AirBlockId(
                            0,
                        ): AirBlock {
                            nodes: [
                                AirNode {
                                    id: SyntaxId {
                                        file_id: Some(
                                            FileId(
                                                1,
                                            ),
                                        ),
                                        number: Some(
                                            211106232532993,
                                        ),
                                    },
                                    kind: Assignment(
                                        Assignment {
                                            target: AirLocalValueId(
                                                0,
                                            ),
                                            expected_type: Some(
                                                Unit,
                                            ),
                                            expression: AirExpression {
                                                id: SyntaxId {
                                                    file_id: Some(
                                                        FileId(
                                                            1,
                                                        ),
                                                    ),
                                                    number: Some(
                                                        242381229945283,
                                                    ),
                                                },
                                                type: Computed(
                                                    Structural(
                                                        TypeId {
                                                            id: SyntaxId {
                                                                file_id: None,
                                                                number: Some(
                                                                    1,
                                                                ),
                                                            },
                                                            kind: "auryn_compiler::auryn::air::typecheck::types::StructuralType",
                                                        },
                                                    ),
                                                ),
                                                kind: Call(
                                                    Call {
                                                        function: AirExpression {
                                                            id: SyntaxId {
                                                                file_id: Some(
                                                                    FileId(
                                                                        1,
                                                                    ),
                                                                ),
                                                                number: Some(
                                                                    242381229945286,
                                                                ),
                                                            },
                                                            type: Computed(
                                                                Intrinsic(
                                                                    TypeId {
                                                                        id: SyntaxId {
                                                                            file_id: None,
                                                                            number: Some(
                                                                                1,
                                                                            ),
                                                                        },
                                                                        kind: "auryn_compiler::auryn::air::typecheck::types::IntrinsicType",
                                                                    },
                                                                ),
                                                            ),
                                                            kind: Variable(
                                                                Intrinsic(
                                                                    Print,
                                                                ),
                                                            ),
                                                        },
                                                        arguments: [
                                                            AirExpression {
                                                                id: SyntaxId {
                                                                    file_id: Some(
                                                                        FileId(
                                                                            1,
                                                                        ),
                                                                    ),
                                                                    number: Some(
                                                                        244824589118121,
                                                                    ),
                                                                },
                                                                type: Computed(
                                                                    NumberLiteral(
                                                                        TypeId {
                                                                            id: SyntaxId {
                                                                                file_id: None,
                                                                                number: Some(
                                                                                    1,
                                                                                ),
                                                                            },
                                                                            kind: "auryn_compiler::auryn::air::typecheck::types::NumberLiteralType",
                                                                        },
                                                                    ),
                                                                ),
                                                                kind: Constant(
                                                                    Number(
                                                                        1,
                                                                    ),
                                                                ),
                                                            },
                                                        ],
                                                        generic_arguments: Computed(
                                                            [],
                                                        ),
                                                    },
                                                ),
                                            },
                                        },
                                    ),
                                },
                            ],
                            finalizer: Return(
                                Null(
                                    SyntaxId {
                                        file_id: Some(
                                            FileId(
                                                1,
                                            ),
                                        ),
                                        number: Some(
                                            211106232532991,
                                        ),
                                    },
                                ),
                            ),
                        },
                    },
                },
            },
        },
        ty_ctx: TypeContext { .. },
    },
    Diagnostics {
        diagnostics: [],
    },
)
