---
source: crates/auryn-compiler/src/auryn/air/mod.rs
expression: "compile(r#\"\n                fn main() -> {} {\n                    foo(50)\n                }\n\n                fn foo(val: I32) -> () {\n                    if val > 50 {\n                        return {}\n                    }\n                }\n            \"#)"
---
(
    Air {
        globals: Globals {
            functions: {
                AirFunctionId(
                    AirStaticValueId(
                        SyntaxId {
                            file_id: Some(
                                FileId(
                                    1,
                                ),
                            ),
                            number: 122055520874511,
                        },
                    ),
                ): AirFunction {
                    type: FunctionItem(
                        TypeId {
                            id: SyntaxId {
                                file_id: Some(
                                    FileId(
                                        1,
                                    ),
                                ),
                                number: 122055520874511,
                            },
                            kind: "auryn_compiler::auryn::air::typecheck::types::FunctionItemType",
                        },
                    ),
                    ident: "foo",
                    blocks: {
                        AirBlockId(
                            0,
                        ): AirBlock {
                            nodes: [],
                            finalizer: Branch {
                                value: AirExpression {
                                    id: SyntaxId {
                                        file_id: Some(
                                            FileId(
                                                1,
                                            ),
                                        ),
                                        number: 196783390797681,
                                    },
                                    type: Computed(
                                        Bool,
                                    ),
                                    kind: BinaryOperator(
                                        BinaryOperation {
                                            lhs: AirExpression {
                                                id: SyntaxId {
                                                    file_id: Some(
                                                        FileId(
                                                            1,
                                                        ),
                                                    ),
                                                    number: 206747106787437,
                                                },
                                                type: Computed(
                                                    I32,
                                                ),
                                                kind: Variable(
                                                    Local(
                                                        AirLocalValueId(
                                                            0,
                                                        ),
                                                    ),
                                                ),
                                            },
                                            rhs: AirExpression {
                                                id: SyntaxId {
                                                    file_id: Some(
                                                        FileId(
                                                            1,
                                                        ),
                                                    ),
                                                    number: 221692680772071,
                                                },
                                                type: Computed(
                                                    I32,
                                                ),
                                                kind: Constant(
                                                    Number(
                                                        50,
                                                    ),
                                                ),
                                            },
                                            operator: Greater,
                                        },
                                    ),
                                },
                                pos_block: AirBlockId(
                                    1,
                                ),
                                neg_block: AirBlockId(
                                    2,
                                ),
                            },
                        },
                        AirBlockId(
                            3,
                        ): AirBlock {
                            nodes: [],
                            finalizer: Return(
                                Null(
                                    SyntaxId {
                                        file_id: Some(
                                            FileId(
                                                1,
                                            ),
                                        ),
                                        number: 181837816813047,
                                    },
                                ),
                            ),
                        },
                        AirBlockId(
                            1,
                        ): AirBlock {
                            nodes: [],
                            finalizer: Return(
                                Expression(
                                    AirExpression {
                                        id: SyntaxId {
                                            file_id: Some(
                                                FileId(
                                                    1,
                                                ),
                                            ),
                                            number: 254074757738778,
                                        },
                                        type: Computed(
                                            Structural(
                                                TypeId {
                                                    id: SyntaxId {
                                                        file_id: None,
                                                        number: 1,
                                                    },
                                                    kind: "auryn_compiler::auryn::air::typecheck::types::StructuralType",
                                                },
                                            ),
                                        ),
                                        kind: Constant(
                                            StructLiteral {
                                                struct_type: None,
                                                fields: [],
                                            },
                                        ),
                                    },
                                ),
                            ),
                        },
                        AirBlockId(
                            4,
                        ): AirBlock {
                            nodes: [],
                            finalizer: Goto(
                                AirBlockId(
                                    3,
                                ),
                            ),
                        },
                        AirBlockId(
                            2,
                        ): AirBlock {
                            nodes: [],
                            finalizer: Goto(
                                AirBlockId(
                                    3,
                                ),
                            ),
                        },
                    },
                },
                AirFunctionId(
                    AirStaticValueId(
                        SyntaxId {
                            file_id: Some(
                                FileId(
                                    1,
                                ),
                            ),
                            number: 19927431979512,
                        },
                    ),
                ): AirFunction {
                    type: FunctionItem(
                        TypeId {
                            id: SyntaxId {
                                file_id: Some(
                                    FileId(
                                        1,
                                    ),
                                ),
                                number: 19927431979512,
                            },
                            kind: "auryn_compiler::auryn::air::typecheck::types::FunctionItemType",
                        },
                    ),
                    ident: "main",
                    blocks: {
                        AirBlockId(
                            0,
                        ): AirBlock {
                            nodes: [
                                AirNode {
                                    id: SyntaxId {
                                        file_id: Some(
                                            FileId(
                                                1,
                                            ),
                                        ),
                                        number: 67255082930853,
                                    },
                                    kind: Expression(
                                        AirExpression {
                                            id: SyntaxId {
                                                file_id: Some(
                                                    FileId(
                                                        1,
                                                    ),
                                                ),
                                                number: 67255082930853,
                                            },
                                            type: Computed(
                                                Structural(
                                                    TypeId {
                                                        id: SyntaxId {
                                                            file_id: None,
                                                            number: 1,
                                                        },
                                                        kind: "auryn_compiler::auryn::air::typecheck::types::StructuralType",
                                                    },
                                                ),
                                            ),
                                            kind: Call(
                                                Call {
                                                    function: AirExpression {
                                                        id: SyntaxId {
                                                            file_id: Some(
                                                                FileId(
                                                                    1,
                                                                ),
                                                            ),
                                                            number: 74727869923170,
                                                        },
                                                        type: Computed(
                                                            FunctionItem(
                                                                TypeId {
                                                                    id: SyntaxId {
                                                                        file_id: Some(
                                                                            FileId(
                                                                                1,
                                                                            ),
                                                                        ),
                                                                        number: 122055520874511,
                                                                    },
                                                                    kind: "auryn_compiler::auryn::air::typecheck::types::FunctionItemType",
                                                                },
                                                            ),
                                                        ),
                                                        kind: Variable(
                                                            Global(
                                                                AirStaticValueId(
                                                                    SyntaxId {
                                                                        file_id: Some(
                                                                            FileId(
                                                                                1,
                                                                            ),
                                                                        ),
                                                                        number: 122055520874511,
                                                                    },
                                                                ),
                                                            ),
                                                        ),
                                                    },
                                                    arguments: [
                                                        AirExpression {
                                                            id: SyntaxId {
                                                                file_id: Some(
                                                                    FileId(
                                                                        1,
                                                                    ),
                                                                ),
                                                                number: 89673443907804,
                                                            },
                                                            type: Computed(
                                                                I32,
                                                            ),
                                                            kind: Constant(
                                                                Number(
                                                                    50,
                                                                ),
                                                            ),
                                                        },
                                                    ],
                                                    generic_arguments: Computed(
                                                        [],
                                                    ),
                                                },
                                            ),
                                        },
                                    ),
                                },
                            ],
                            finalizer: Return(
                                Null(
                                    SyntaxId {
                                        file_id: Some(
                                            FileId(
                                                1,
                                            ),
                                        ),
                                        number: 59782295938536,
                                    },
                                ),
                            ),
                        },
                    },
                },
            },
        },
        ty_ctx: TypeContext { .. },
    },
    Diagnostics {
        diagnostics: [],
    },
)
