---
source: crates/auryn-compiler/src/auryn/air/mod.rs
expression: "compile_wrapped(\"let a: I32 = 1\\na += 2\")"
---
(
    Air {
        globals: Globals {
            functions: {
                AirFunctionId(
                    AirStaticValueId(
                        SyntaxId {
                            file_id: Some(
                                FileId(
                                    1,
                                ),
                            ),
                            number: Some(
                                70368744177667,
                            ),
                        },
                    ),
                ): AirFunction {
                    type: FunctionItem(
                        TypeId {
                            id: SyntaxId {
                                file_id: Some(
                                    FileId(
                                        1,
                                    ),
                                ),
                                number: Some(
                                    70368744177667,
                                ),
                            },
                            kind: "auryn_compiler::auryn::air::typecheck::types::FunctionItemType",
                        },
                    ),
                    ident: "main",
                    blocks: {
                        AirBlockId(
                            0,
                        ): AirBlock {
                            nodes: [
                                AirNode {
                                    id: SyntaxId {
                                        file_id: Some(
                                            FileId(
                                                1,
                                            ),
                                        ),
                                        number: Some(
                                            211106232532993,
                                        ),
                                    },
                                    kind: Assignment(
                                        Assignment {
                                            target: AirLocalValueId(
                                                0,
                                            ),
                                            expected_type: Some(
                                                Application {
                                                    id: SyntaxId {
                                                        file_id: Some(
                                                            FileId(
                                                                1,
                                                            ),
                                                        ),
                                                        number: Some(
                                                            217621856993885,
                                                        ),
                                                    },
                                                    type: Path {
                                                        base_id: SyntaxId {
                                                            file_id: Some(
                                                                FileId(
                                                                    1,
                                                                ),
                                                            ),
                                                            number: Some(
                                                                217621856993887,
                                                            ),
                                                        },
                                                        base: Resolved(
                                                            I32,
                                                        ),
                                                        segments: [],
                                                    },
                                                    generic_arguments: [],
                                                },
                                            ),
                                            expression: AirExpression {
                                                id: SyntaxId {
                                                    file_id: Some(
                                                        FileId(
                                                            1,
                                                        ),
                                                    ),
                                                    number: Some(
                                                        221531231670420,
                                                    ),
                                                },
                                                type: Computed(
                                                    I32,
                                                ),
                                                kind: Constant(
                                                    Number(
                                                        1,
                                                    ),
                                                ),
                                            },
                                        },
                                    ),
                                },
                                AirNode {
                                    id: SyntaxId {
                                        file_id: Some(
                                            FileId(
                                                1,
                                            ),
                                        ),
                                        number: Some(
                                            234562480592213,
                                        ),
                                    },
                                    kind: Update(
                                        Update {
                                            target: AirPlace {
                                                id: SyntaxId {
                                                    file_id: Some(
                                                        FileId(
                                                            1,
                                                        ),
                                                    ),
                                                    number: Some(
                                                        234562480592214,
                                                    ),
                                                },
                                                type: Computed(
                                                    I32,
                                                ),
                                                kind: Variable(
                                                    AirLocalValueId(
                                                        0,
                                                    ),
                                                ),
                                            },
                                            operator: PlusAssign,
                                            expression: AirExpression {
                                                id: SyntaxId {
                                                    file_id: Some(
                                                        FileId(
                                                            1,
                                                        ),
                                                    ),
                                                    number: Some(
                                                        243358573614422,
                                                    ),
                                                },
                                                type: Computed(
                                                    I32,
                                                ),
                                                kind: Constant(
                                                    Number(
                                                        2,
                                                    ),
                                                ),
                                            },
                                        },
                                    ),
                                },
                            ],
                            finalizer: Return(
                                Null(
                                    SyntaxId {
                                        file_id: Some(
                                            FileId(
                                                1,
                                            ),
                                        ),
                                        number: Some(
                                            211106232532991,
                                        ),
                                    },
                                ),
                            ),
                        },
                    },
                },
            },
        },
        ty_ctx: TypeContext { .. },
    },
    Diagnostics {
        diagnostics: [],
    },
)
