---
source: src/auryn/parser.rs
expression: "verify(r#\"\n            unsafe extern \"java\" {\n                [\"java/lang/Foo\"]\n                type Foo {\n                    [\"bar\"] static let bar: Int\n\n                    [\"baz\"] fn baz(value: Int) -> String\n\n                    [\"static\"] static fn slkfdj()\n                }\n            }\n            \"#)"
---
syntax_tree:
0..298 Root
|0..298 File
||Newline `\n`
||Whitespace `            `
||13..285 Item
|||13..285 ExternBlock
||||KeywordUnsafe `unsafe`
||||Whitespace ` `
||||KeywordExtern `extern`
||||Whitespace ` `
||||StringLiteral `\"java\"`
||||Whitespace ` `
||||BraceOpen `{`
||||Newline `\n`
||||Whitespace `                `
||||52..271 ExternBlockItem
|||||52..69 ItemMetadata
||||||BracketOpen `[`
||||||StringLiteral `\"java/lang/Foo\"`
||||||BracketClose `]`
|||||Newline `\n`
|||||Whitespace `                `
|||||86..271 ExternBlockItemKind
||||||86..271 ExternType
|||||||KeywordType `type`
|||||||Whitespace ` `
|||||||Identifier `Foo`
|||||||Whitespace ` `
|||||||95..271 ExternTypeBody
||||||||BraceOpen `{`
||||||||Newline `\n`
||||||||Whitespace `                    `
||||||||117..144 ExternTypeBodyItem
|||||||||117..125 ItemMetadata
||||||||||BracketOpen `[`
||||||||||StringLiteral `\"bar\"`
||||||||||BracketClose `]`
||||||||||Whitespace ` `
|||||||||125..144 ExternTypeBodyItemKind
||||||||||125..144 ExternTypeStaticLet
|||||||||||KeywordStatic `static`
|||||||||||Whitespace ` `
|||||||||||KeywordLet `let`
|||||||||||Whitespace ` `
|||||||||||Identifier `bar`
|||||||||||Colon `:`
|||||||||||Whitespace ` `
|||||||||||141..144 Type
||||||||||||141..144 Ident
|||||||||||||Identifier `Int`
||||||||Newline `\n`
||||||||Newline `\n`
||||||||Whitespace `                    `
||||||||166..202 ExternTypeBodyItem
|||||||||166..174 ItemMetadata
||||||||||BracketOpen `[`
||||||||||StringLiteral `\"baz\"`
||||||||||BracketClose `]`
||||||||||Whitespace ` `
|||||||||174..202 ExternTypeBodyItemKind
||||||||||174..202 ExternTypeFunction
|||||||||||KeywordFn `fn`
|||||||||||Whitespace ` `
|||||||||||Identifier `baz`
|||||||||||180..193 ParameterList
||||||||||||ParensOpen `(`
||||||||||||181..191 ParameterDefinition
|||||||||||||Identifier `value`
|||||||||||||Colon `:`
|||||||||||||Whitespace ` `
|||||||||||||188..191 Type
||||||||||||||188..191 Ident
|||||||||||||||Identifier `Int`
||||||||||||ParensClose `)`
||||||||||||Whitespace ` `
|||||||||||193..202 ReturnType
||||||||||||Arrow `->`
||||||||||||Whitespace ` `
||||||||||||196..202 Type
|||||||||||||196..202 Ident
||||||||||||||Identifier `String`
||||||||Newline `\n`
||||||||Newline `\n`
||||||||Whitespace `                    `
||||||||224..253 ExternTypeBodyItem
|||||||||224..235 ItemMetadata
||||||||||BracketOpen `[`
||||||||||StringLiteral `\"static\"`
||||||||||BracketClose `]`
||||||||||Whitespace ` `
|||||||||235..253 ExternTypeBodyItemKind
||||||||||235..253 ExternTypeFunction
|||||||||||KeywordStatic `static`
|||||||||||Whitespace ` `
|||||||||||KeywordFn `fn`
|||||||||||Whitespace ` `
|||||||||||Identifier `slkfdj`
|||||||||||251..253 ParameterList
||||||||||||ParensOpen `(`
||||||||||||ParensClose `)`
||||||||Newline `\n`
||||||||Whitespace `                `
||||||||BraceClose `}`
||||Newline `\n`
||||Whitespace `            `
||||BraceClose `}`
||Newline `\n`
||Whitespace `            `

diagnostics:
