---
source: src/auryn/parser.rs
expression: "verify(\"fn foo(a: Int, b: String,) { print(9000) }\")"
---
AnnotatedParserOutput {
    ast: Some(
        0..42 Root
        |0..42 File
        ||0..42 FunctionDefinition
        |||KeywordFn `fn`
        |||Whitespace ` `
        |||Identifier `foo`
        |||6..27 ParameterList
        ||||ParensOpen `(`
        ||||7..13 ParameterDefinition
        |||||Identifier `a`
        |||||Colon `:`
        |||||Whitespace ` `
        |||||10..13 Type
        ||||||10..13 Ident
        |||||||Identifier `Int`
        ||||Comma `,`
        ||||Whitespace ` `
        ||||15..24 ParameterDefinition
        |||||Identifier `b`
        |||||Colon `:`
        |||||Whitespace ` `
        |||||18..24 Type
        ||||||18..24 Ident
        |||||||Identifier `String`
        ||||Comma `,`
        ||||ParensClose `)`
        ||||Whitespace ` `
        |||BraceOpen `{`
        |||Whitespace ` `
        |||29..41 Block
        ||||29..41 Statement
        |||||29..41 Expression
        ||||||29..41 Value
        |||||||29..41 FunctionCall
        ||||||||Identifier `print`
        ||||||||34..41 ArgumentList
        |||||||||ParensOpen `(`
        |||||||||35..39 Expression
        ||||||||||35..39 Value
        |||||||||||35..39 NumberLiteral
        ||||||||||||NumberLiteral `9000`
        |||||||||ParensClose `)`
        |||||||||Whitespace ` `
        |||BraceClose `}`
        ,
    ),
    diagnostics: [],
}
