---
source: src/auryn/parser.rs
expression: "verify(\"(3)\")"
---
AnnotatedParserOutput {
    ast: Some(
        0..3 Root
        |0..3 Block
        ||0..3 Statement
        |||0..3 Expression
        ||||0..3 Value
        |||||0..3 Parenthesis
        ||||||ParensOpen
        ||||||1..2 Expression
        |||||||1..2 Value
        ||||||||1..2 NumberLiteral
        |||||||||Number
        ||||||ParensClose
        ,
    ),
    diagnostics: [],
}
