---
source: src/auryn/tokenizer.rs
expression: "tokenize(\"loop let some_text = if true { false } else { break return } fn [foo.bar]\")"
---
[
    Token {
        kind: KeywordLoop,
        text: "loop",
    },
    Token {
        kind: Whitespace,
        text: " ",
    },
    Token {
        kind: KeywordLet,
        text: "let",
    },
    Token {
        kind: Whitespace,
        text: " ",
    },
    Token {
        kind: Identifier,
        text: "some_text",
    },
    Token {
        kind: Whitespace,
        text: " ",
    },
    Token {
        kind: Equal,
        text: "=",
    },
    Token {
        kind: Whitespace,
        text: " ",
    },
    Token {
        kind: KeywordIf,
        text: "if",
    },
    Token {
        kind: Whitespace,
        text: " ",
    },
    Token {
        kind: KeywordTrue,
        text: "true",
    },
    Token {
        kind: Whitespace,
        text: " ",
    },
    Token {
        kind: BraceOpen,
        text: "{",
    },
    Token {
        kind: Whitespace,
        text: " ",
    },
    Token {
        kind: KeywordFalse,
        text: "false",
    },
    Token {
        kind: Whitespace,
        text: " ",
    },
    Token {
        kind: BraceClose,
        text: "}",
    },
    Token {
        kind: Whitespace,
        text: " ",
    },
    Token {
        kind: KeywordElse,
        text: "else",
    },
    Token {
        kind: Whitespace,
        text: " ",
    },
    Token {
        kind: BraceOpen,
        text: "{",
    },
    Token {
        kind: Whitespace,
        text: " ",
    },
    Token {
        kind: KeywordBreak,
        text: "break",
    },
    Token {
        kind: Whitespace,
        text: " ",
    },
    Token {
        kind: KeywordReturn,
        text: "return",
    },
    Token {
        kind: Whitespace,
        text: " ",
    },
    Token {
        kind: BraceClose,
        text: "}",
    },
    Token {
        kind: Whitespace,
        text: " ",
    },
    Token {
        kind: KeywordFn,
        text: "fn",
    },
    Token {
        kind: Whitespace,
        text: " ",
    },
    Token {
        kind: BracketOpen,
        text: "[",
    },
    Token {
        kind: Identifier,
        text: "foo",
    },
    Token {
        kind: Dot,
        text: ".",
    },
    Token {
        kind: Identifier,
        text: "bar",
    },
    Token {
        kind: BracketClose,
        text: "]",
    },
]
