---
source: src/auryn/parser.rs
expression: "verify(\"fn foo(a: Int, b: String,) -> Null { print(9000) }\")"
---
AnnotatedParserOutput {
    ast: Some(
        0..50 Root
        |0..50 File
        ||0..50 FunctionDefinition
        |||KeywordFn `fn`
        |||Whitespace ` `
        |||Identifier `foo`
        |||6..27 ParameterList
        ||||ParensOpen `(`
        ||||7..13 ParameterDefinition
        |||||Identifier `a`
        |||||Colon `:`
        |||||Whitespace ` `
        |||||10..13 Type
        ||||||10..13 Ident
        |||||||Identifier `Int`
        ||||Comma `,`
        ||||Whitespace ` `
        ||||15..24 ParameterDefinition
        |||||Identifier `b`
        |||||Colon `:`
        |||||Whitespace ` `
        |||||18..24 Type
        ||||||18..24 Ident
        |||||||Identifier `String`
        ||||Comma `,`
        ||||ParensClose `)`
        ||||Whitespace ` `
        |||27..35 ReturnType
        ||||Arrow `->`
        ||||Whitespace ` `
        ||||30..35 Type
        |||||30..35 Ident
        ||||||Identifier `Null`
        ||||||Whitespace ` `
        |||BraceOpen `{`
        |||Whitespace ` `
        |||37..49 Block
        ||||37..49 Statement
        |||||37..49 Expression
        ||||||37..49 Value
        |||||||37..49 FunctionCall
        ||||||||Identifier `print`
        ||||||||42..49 ArgumentList
        |||||||||ParensOpen `(`
        |||||||||43..47 Expression
        ||||||||||43..47 Value
        |||||||||||43..47 NumberLiteral
        ||||||||||||NumberLiteral `9000`
        |||||||||ParensClose `)`
        |||||||||Whitespace ` `
        |||BraceClose `}`
        ,
    ),
    diagnostics: [],
}
