---
source: src/auryn/parser.rs
expression: "verify(\"1 * (2 + 3)\")"
---
AnnotatedParserOutput {
    ast: Some(
        0..11 Root
        |0..11 Expression
        ||0..2 Expression
        |||0..2 Number(1)
        ||||Number
        ||||Whitespace
        ||2..4 BinaryOperator(Times)
        |||Times
        |||Whitespace
        ||4..11 Expression
        |||4..7 Expression
        ||||ParensOpen
        ||||5..7 Number(2)
        |||||Number
        |||||Whitespace
        |||7..9 BinaryOperator(Plus)
        ||||Plus
        ||||Whitespace
        |||9..10 Expression
        ||||9..10 Number(3)
        |||||Number
        |||ParensClose
        ,
    ),
    diagnostics: [],
}
