---
source: src/auryn/tokenizer.rs
expression: "tokenize(\"comparisons = a == 1 && a != 2 && a > 3 && a >= 4 && a < 5 && a <= 6\")"
---
[
    Token {
        kind: Identifier,
        text: "comparisons",
    },
    Token {
        kind: Whitespace,
        text: " ",
    },
    Token {
        kind: Equal,
        text: "=",
    },
    Token {
        kind: Whitespace,
        text: " ",
    },
    Token {
        kind: Identifier,
        text: "a",
    },
    Token {
        kind: Whitespace,
        text: " ",
    },
    Token {
        kind: DoubleEqual,
        text: "==",
    },
    Token {
        kind: Whitespace,
        text: " ",
    },
    Token {
        kind: NumberLiteral,
        text: "1",
    },
    Token {
        kind: Whitespace,
        text: " ",
    },
    Token {
        kind: Error,
        text: "&",
    },
    Token {
        kind: Error,
        text: "&",
    },
    Token {
        kind: Whitespace,
        text: " ",
    },
    Token {
        kind: Identifier,
        text: "a",
    },
    Token {
        kind: Whitespace,
        text: " ",
    },
    Token {
        kind: NotEqual,
        text: "!=",
    },
    Token {
        kind: Whitespace,
        text: " ",
    },
    Token {
        kind: NumberLiteral,
        text: "2",
    },
    Token {
        kind: Whitespace,
        text: " ",
    },
    Token {
        kind: Error,
        text: "&",
    },
    Token {
        kind: Error,
        text: "&",
    },
    Token {
        kind: Whitespace,
        text: " ",
    },
    Token {
        kind: Identifier,
        text: "a",
    },
    Token {
        kind: Whitespace,
        text: " ",
    },
    Token {
        kind: Greater,
        text: ">",
    },
    Token {
        kind: Whitespace,
        text: " ",
    },
    Token {
        kind: NumberLiteral,
        text: "3",
    },
    Token {
        kind: Whitespace,
        text: " ",
    },
    Token {
        kind: Error,
        text: "&",
    },
    Token {
        kind: Error,
        text: "&",
    },
    Token {
        kind: Whitespace,
        text: " ",
    },
    Token {
        kind: Identifier,
        text: "a",
    },
    Token {
        kind: Whitespace,
        text: " ",
    },
    Token {
        kind: GreaterOrEqual,
        text: ">=",
    },
    Token {
        kind: Whitespace,
        text: " ",
    },
    Token {
        kind: NumberLiteral,
        text: "4",
    },
    Token {
        kind: Whitespace,
        text: " ",
    },
    Token {
        kind: Error,
        text: "&",
    },
    Token {
        kind: Error,
        text: "&",
    },
    Token {
        kind: Whitespace,
        text: " ",
    },
    Token {
        kind: Identifier,
        text: "a",
    },
    Token {
        kind: Whitespace,
        text: " ",
    },
    Token {
        kind: Less,
        text: "<",
    },
    Token {
        kind: Whitespace,
        text: " ",
    },
    Token {
        kind: NumberLiteral,
        text: "5",
    },
    Token {
        kind: Whitespace,
        text: " ",
    },
    Token {
        kind: Error,
        text: "&",
    },
    Token {
        kind: Error,
        text: "&",
    },
    Token {
        kind: Whitespace,
        text: " ",
    },
    Token {
        kind: Identifier,
        text: "a",
    },
    Token {
        kind: Whitespace,
        text: " ",
    },
    Token {
        kind: LessOrEqual,
        text: "<=",
    },
    Token {
        kind: Whitespace,
        text: " ",
    },
    Token {
        kind: NumberLiteral,
        text: "6",
    },
]
