---
source: src/auryn/parser.rs
expression: "verify(\"a = 3\")"
---
AnnotatedParserOutput {
    ast: Some(
        0..5 Root
        |0..5 Block
        ||0..5 Statement
        |||0..5 VariableUpdate
        ||||Identifier `a`
        ||||Whitespace ` `
        ||||Equal `=`
        ||||Whitespace ` `
        ||||4..5 Expression
        |||||4..5 Value
        ||||||4..5 NumberLiteral
        |||||||NumberLiteral `3`
        ,
    ),
    diagnostics: [],
}
