---
source: crates/auryn-compiler/tests/diagnostic_tests.rs
expression: "type A = I32\n\nfn main() {\n    A()\n}\n"
input_file: crates/auryn-compiler/tests/inputs/diagnostics/type_mismatch_function.au
---
Error: Type mismatch
   ╭─[ main:4:5 ]
   │
 4 │     A()
   │     ─┬─  
   │      ╰─── Expected `function`, but got `Type[I32]`
───╯
