---
source: src/auryn/codegen_java/class_generator.rs
expression: "generate_class_wrapped(\"print(print(\\\"Hallo, Welt!\\\"))\")"
---
ClassData
  this_class:		#27	Main
  super_class:		#31	java/lang/Object
Constant pool:
  #01 = Utf8			main
  #02 = Utf8			()V
  #03 = Utf8			java/io/PrintStream
  #04 = Class		#3	java/io/PrintStream
  #05 = Utf8			java/lang/String
  #06 = Class		#5	java/lang/String
  #07 = Utf8			java/lang/System
  #08 = Class		#7	java/lang/System
  #09 = Utf8			out
  #10 = Utf8			Ljava/io/PrintStream;
  #11 = NameAndType	#9:#10	out:Ljava/io/PrintStream;
  #12 = FieldRef	#8.#11	java/lang/System.out:Ljava/io/PrintStream;
  #13 = Utf8			Hallo, Welt!
  #14 = String		#13	Hallo, Welt!
  #15 = Utf8			println
  #16 = Utf8			(Ljava/lang/String;)V
  #17 = NameAndType	#15:#16	println:(Ljava/lang/String;)V
  #18 = MethodRef	#4.#17	java/io/PrintStream:println:(Ljava/lang/String;)V
  #19 = Utf8			()
  #20 = String		#19	()
  #21 = Utf8			Code
  #22 = Utf8			StackMapTable
  #23 = Utf8			([Ljava/lang/String;)V
  #24 = Utf8			[Ljava/lang/String;
  #25 = Class		#24	[Ljava/lang/String;
  #26 = Utf8			Main
  #27 = Class		#26	Main
  #28 = NameAndType	#1:#2	main:()V
  #29 = MethodRef	#27.#28	Main:main:()V
  #30 = Utf8			java/lang/Object
  #31 = Class		#30	java/lang/Object

{
  fn main {
    descriptor: ()V
    flags: PUBLIC | STATIC
    Code:
      stack = 8, locals = 1
       0: GetStatic		#12	java/lang/System.out:Ljava/io/PrintStream;
       3: GetStatic		#12	java/lang/System.out:Ljava/io/PrintStream;
       6: LoadConstant		#14	Hallo, Welt!
       8: InvokeVirtual		#18	java/io/PrintStream:println:(Ljava/lang/String;)V
      11: LoadConstant		#20	()
      13: InvokeVirtual		#18	java/io/PrintStream:println:(Ljava/lang/String;)V
      16: Return
      StackMapTable:
        Full
          offset_delta = 0
          locals = [  ]
          Stack = [  ]
  }

  fn main {
    descriptor: ([Ljava/lang/String;)V
    flags: PUBLIC | STATIC
    Code:
      stack = 8, locals = 2
      0: InvokeStatic		#29	Main:main:()V
      3: Return
      StackMapTable:
        Full
          offset_delta = 0
          locals = [ Object '[Ljava/lang/String;' ]
          Stack = [  ]
  }

}
