---
source: src/auryn/codegen_java/class_generator.rs
expression: "generate_class_wrapped(\"1 + 2 * 3\")"
---
ClassData
  this_class:		#11	Main
  super_class:		#16	java/lang/Object
Constant pool:
  #01 = Integer			1
  #02 = Integer			2
  #03 = Integer			3
  #04 = Utf8			main
  #05 = Utf8			()V
  #06 = Utf8			Code
  #07 = Utf8			StackMapTable
  #08 = Utf8			[Ljava/lang/String;
  #09 = Class		#8	[Ljava/lang/String;
  #10 = Utf8			Main
  #11 = Class		#10	Main
  #12 = NameAndType	#4:#5	main:()V
  #13 = MethodRef	#11.#12	Main:main:()V
  #14 = Utf8			([Ljava/lang/String;)V
  #15 = Utf8			java/lang/Object
  #16 = Class		#15	java/lang/Object

{
  fn main {
    descriptor: ()V
    flags: 9
    Code:
      stack = 8, locals = 1
       0: LoadConstant		#1	1
       2: LoadConstant		#2	2
       4: LoadConstant		#3	3
       6: IMul
       7: IAdd
       8: Pop
       9: Return
      StackMapTable:
        Full
          offset_delta = 0
          locals = [  ]
          Stack = [  ]
  }

  fn main {
    descriptor: ([Ljava/lang/String;)V
    flags: 9
    Code:
      stack = 8, locals = 2
      0: InvokeStatic		#13	Main:main:()V
      3: Return
      StackMapTable:
        Full
          offset_delta = 0
          locals = [ Object '[Ljava/lang/String;' ]
          Stack = [  ]
  }

}
