---
source: src/auryn/codegen_java/class_generator.rs
expression: "generate_class_wrapped(\"let a = 1\")"
---
ClassData
  this_class:		#8	Main
  super_class:		#13	java/lang/Object
Constant pool:
  #00 = Integer			1
  #01 = Utf8			main
  #02 = Utf8			()V
  #03 = Utf8			Code
  #04 = Utf8			StackMapTable
  #05 = Utf8			[Ljava/lang/String;
  #06 = Class		#5	[Ljava/lang/String;
  #07 = Utf8			Main
  #08 = Class		#7	Main
  #09 = NameAndType	#1:#2	main:()V
  #10 = MethodRef		#8.#9	Main:main:()V
  #11 = Utf8			([Ljava/lang/String;)V
  #12 = Utf8			java/lang/Object
  #13 = Class		#12	java/lang/Object

{
  fn main {
    descriptor: ()V
    flags: 9
    Code:
      stack = 8, locals = 2
      0: LoadConstant		#0	1
      2: IStore			0
      4: Return
      StackMapTable:
        Full
          offset_delta = 0
          locals = [  ]
          Stack = [  ]
  }

  fn main {
    descriptor: ([Ljava/lang/String;)V
    flags: 9
    Code:
      stack = 8, locals = 2
      0: InvokeStatic		#10	Main:main:()V
      3: Return
      StackMapTable:
        Full
          offset_delta = 0
          locals = [ Object '[Ljava/lang/String;' ]
          Stack = [  ]
  }

}
