---
source: src/auryn/codegen_java/class_generator.rs
expression: "generate_class_wrapped(\"loop {\\nif true {\\nprint(42)\\n}\\nprint(100)\\n}\")"
---
ClassData
  this_class:		#26	Main
  super_class:		#31	java/lang/Object
Constant pool:
  #01 = Utf8			java/io/PrintStream
  #02 = Class		#1	java/io/PrintStream
  #03 = Utf8			java/lang/String
  #04 = Class		#3	java/lang/String
  #05 = Utf8			java/lang/System
  #06 = Class		#5	java/lang/System
  #07 = Utf8			out
  #08 = Utf8			Ljava/io/PrintStream;
  #09 = NameAndType	#7:#8	out:Ljava/io/PrintStream;
  #10 = FieldRef	#6.#9	java/lang/System.out:Ljava/io/PrintStream;
  #11 = Utf8			42
  #12 = String		#11	42
  #13 = Utf8			println
  #14 = Utf8			(Ljava/lang/String;)V
  #15 = NameAndType	#13:#14	println:(Ljava/lang/String;)V
  #16 = MethodRef	#2.#15	java/io/PrintStream:println:(Ljava/lang/String;)V
  #17 = Utf8			100
  #18 = String		#17	100
  #19 = Utf8			main
  #20 = Utf8			()V
  #21 = Utf8			Code
  #22 = Utf8			StackMapTable
  #23 = Utf8			[Ljava/lang/String;
  #24 = Class		#23	[Ljava/lang/String;
  #25 = Utf8			Main
  #26 = Class		#25	Main
  #27 = NameAndType	#19:#20	main:()V
  #28 = MethodRef	#26.#27	Main:main:()V
  #29 = Utf8			([Ljava/lang/String;)V
  #30 = Utf8			java/lang/Object
  #31 = Class		#30	java/lang/Object

{
  fn main {
    descriptor: ()V
    flags: 9
    Code:
      stack = 8, locals = 1
       0: IConst			1
       1: IfI ==		15
       4: GetStatic		#10	java/lang/System.out:Ljava/io/PrintStream;
       7: LoadConstant		#12	42
       9: InvokeVirtual		#16	java/io/PrintStream:println:(Ljava/lang/String;)V
      12: Goto				15
      15: GetStatic		#10	java/lang/System.out:Ljava/io/PrintStream;
      18: LoadConstant		#18	100
      20: InvokeVirtual		#16	java/io/PrintStream:println:(Ljava/lang/String;)V
      23: Goto				0
      StackMapTable:
        Full
          offset_delta = 0
          locals = [  ]
          Stack = [  ]
        Full
          offset_delta = 3
          locals = [  ]
          Stack = [  ]
        Full
          offset_delta = 10
          locals = [  ]
          Stack = [  ]
  }

  fn main {
    descriptor: ([Ljava/lang/String;)V
    flags: 9
    Code:
      stack = 8, locals = 2
      0: InvokeStatic		#28	Main:main:()V
      3: Return
      StackMapTable:
        Full
          offset_delta = 0
          locals = [ Object '[Ljava/lang/String;' ]
          Stack = [  ]
  }

}
