---
source: src/auryn/codegen_java/class_generator.rs
expression: "generate_class_wrapped(\"let a: I32 = 7\\na = a * a\\nprint(a)\")"
---
ClassData
  this_class:		#22	Main
  super_class:		#26	java/lang/Object
Constant pool:
  #01 = Utf8			main
  #02 = Utf8			()V
  #03 = Utf8			java/io/PrintStream
  #04 = Class		#3	java/io/PrintStream
  #05 = Integer			7
  #06 = Utf8			java/lang/System
  #07 = Class		#6	java/lang/System
  #08 = Utf8			out
  #09 = Utf8			Ljava/io/PrintStream;
  #10 = NameAndType	#8:#9	out:Ljava/io/PrintStream;
  #11 = FieldRef	#7.#10	java/lang/System.out:Ljava/io/PrintStream;
  #12 = Utf8			println
  #13 = Utf8			(I)V
  #14 = NameAndType	#12:#13	println:(I)V
  #15 = MethodRef	#4.#14	java/io/PrintStream:println:(I)V
  #16 = Utf8			Code
  #17 = Utf8			StackMapTable
  #18 = Utf8			([Ljava/lang/String;)V
  #19 = Utf8			[Ljava/lang/String;
  #20 = Class		#19	[Ljava/lang/String;
  #21 = Utf8			Main
  #22 = Class		#21	Main
  #23 = NameAndType	#1:#2	main:()V
  #24 = MethodRef	#22.#23	Main:main:()V
  #25 = Utf8			java/lang/Object
  #26 = Class		#25	java/lang/Object

{
  fn main {
    descriptor: ()V
    flags: PUBLIC | STATIC
    Code:
      stack = 8, locals = 2
       0: LoadConstant		#5	7
       2: IStore			0
       4: ILoad			0
       6: ILoad			0
       8: IMul
       9: IStore			0
      11: GetStatic		#11	java/lang/System.out:Ljava/io/PrintStream;
      14: ILoad			0
      16: InvokeVirtual		#15	java/io/PrintStream:println:(I)V
      19: Return
      StackMapTable:
        Full
          offset_delta = 0
          locals = [  ]
          Stack = [  ]
  }

  fn main {
    descriptor: ([Ljava/lang/String;)V
    flags: PUBLIC | STATIC
    Code:
      stack = 8, locals = 2
      0: InvokeStatic		#24	Main:main:()V
      3: Return
      StackMapTable:
        Full
          offset_delta = 0
          locals = [ Object '[Ljava/lang/String;' ]
          Stack = [  ]
  }

}
