---
source: src/auryn/codegen_java/class_generator.rs
expression: "generate_class_wrapped(\"loop {\\nif true {\\nprint(42)\\n}\\nprint(100)\\n}\")"
---
ClassData {
    constant_pool: [
        Utf8(
            "java/io/PrintStream",
        ),
        Class {
            name_index: ConstantPoolIndex(
                1,
            ),
        },
        Utf8(
            "java/lang/System",
        ),
        Class {
            name_index: ConstantPoolIndex(
                3,
            ),
        },
        Utf8(
            "out",
        ),
        Utf8(
            "Ljava/io/PrintStream;",
        ),
        NameAndType {
            name_index: ConstantPoolIndex(
                5,
            ),
            type_index: ConstantPoolIndex(
                6,
            ),
        },
        FieldRef {
            class_index: ConstantPoolIndex(
                4,
            ),
            name_and_type_index: ConstantPoolIndex(
                7,
            ),
        },
        Integer {
            integer: 42,
        },
        Utf8(
            "println",
        ),
        Utf8(
            "(I)V",
        ),
        NameAndType {
            name_index: ConstantPoolIndex(
                10,
            ),
            type_index: ConstantPoolIndex(
                11,
            ),
        },
        MethodRef {
            class_index: ConstantPoolIndex(
                2,
            ),
            name_and_type_index: ConstantPoolIndex(
                12,
            ),
        },
        Integer {
            integer: 100,
        },
        Utf8(
            "main",
        ),
        Utf8(
            "()V",
        ),
        Utf8(
            "Code",
        ),
        Utf8(
            "StackMapTable",
        ),
        Utf8(
            "[Ljava/lang/String;",
        ),
        Class {
            name_index: ConstantPoolIndex(
                19,
            ),
        },
        Utf8(
            "Main",
        ),
        Class {
            name_index: ConstantPoolIndex(
                21,
            ),
        },
        NameAndType {
            name_index: ConstantPoolIndex(
                15,
            ),
            type_index: ConstantPoolIndex(
                16,
            ),
        },
        MethodRef {
            class_index: ConstantPoolIndex(
                22,
            ),
            name_and_type_index: ConstantPoolIndex(
                23,
            ),
        },
        Utf8(
            "([Ljava/lang/String;)V",
        ),
        Utf8(
            "java/lang/Object",
        ),
        Class {
            name_index: ConstantPoolIndex(
                26,
            ),
        },
    ],
    this_class: ConstantPoolIndex(
        22,
    ),
    super_class: ConstantPoolIndex(
        27,
    ),
    methods: [
        Method {
            flags: 9,
            name_index: ConstantPoolIndex(
                15,
            ),
            descriptor_index: ConstantPoolIndex(
                16,
            ),
            attributes: [
                AttributeInfo {
                    name_index: ConstantPoolIndex(
                        17,
                    ),
                    attribute: Code(
                        CodeAttribute {
                            max_locals: 1,
                            code: [
                                Iconst(
                                    1,
                                ),
                                IfI {
                                    comparison: Equal,
                                    jump_point: JumpPoint(
                                        12,
                                    ),
                                },
                                GetStatic(
                                    ConstantPoolIndex(
                                        8,
                                    ),
                                ),
                                Ldc(
                                    ConstantPoolIndex(
                                        9,
                                    ),
                                ),
                                InvokeVirtual(
                                    ConstantPoolIndex(
                                        13,
                                    ),
                                ),
                                GetStatic(
                                    ConstantPoolIndex(
                                        8,
                                    ),
                                ),
                                Ldc(
                                    ConstantPoolIndex(
                                        14,
                                    ),
                                ),
                                InvokeVirtual(
                                    ConstantPoolIndex(
                                        13,
                                    ),
                                ),
                                Goto(
                                    JumpPoint(
                                        0,
                                    ),
                                ),
                            ],
                            attributes: [
                                AttributeInfo {
                                    name_index: ConstantPoolIndex(
                                        18,
                                    ),
                                    attribute: StackMapTable(
                                        StackMapTableAttribute {
                                            entries: [
                                                Full {
                                                    offset_delta: 0,
                                                    locals: [],
                                                    stack: [],
                                                },
                                                Full {
                                                    offset_delta: 3,
                                                    locals: [],
                                                    stack: [],
                                                },
                                                Full {
                                                    offset_delta: 7,
                                                    locals: [],
                                                    stack: [],
                                                },
                                            ],
                                        },
                                    ),
                                },
                            ],
                        },
                    ),
                },
            ],
        },
        Method {
            flags: 9,
            name_index: ConstantPoolIndex(
                15,
            ),
            descriptor_index: ConstantPoolIndex(
                25,
            ),
            attributes: [
                AttributeInfo {
                    name_index: ConstantPoolIndex(
                        17,
                    ),
                    attribute: Code(
                        CodeAttribute {
                            max_locals: 2,
                            code: [
                                InvokeStatic(
                                    ConstantPoolIndex(
                                        24,
                                    ),
                                ),
                                Return,
                            ],
                            attributes: [
                                AttributeInfo {
                                    name_index: ConstantPoolIndex(
                                        18,
                                    ),
                                    attribute: StackMapTable(
                                        StackMapTableAttribute {
                                            entries: [
                                                Full {
                                                    offset_delta: 0,
                                                    locals: [
                                                        Object {
                                                            constant_pool_index: ConstantPoolIndex(
                                                                20,
                                                            ),
                                                        },
                                                    ],
                                                    stack: [],
                                                },
                                            ],
                                        },
                                    ),
                                },
                            ],
                        },
                    ),
                },
            ],
        },
    ],
}
