---
source: src/auryn/codegen_java/class_generator.rs
expression: "generate_class(\"fn main() { bar() }\\nfn bar() { print(1) }\")"
---
ClassData {
    constant_pool: [
        Utf8(
            "java/io/PrintStream",
        ),
        Class {
            name_index: ConstantPoolIndex(
                1,
            ),
        },
        Utf8(
            "java/lang/System",
        ),
        Class {
            name_index: ConstantPoolIndex(
                3,
            ),
        },
        Utf8(
            "out",
        ),
        Utf8(
            "Ljava/io/PrintStream;",
        ),
        NameAndType {
            name_index: ConstantPoolIndex(
                5,
            ),
            type_index: ConstantPoolIndex(
                6,
            ),
        },
        FieldRef {
            class_index: ConstantPoolIndex(
                4,
            ),
            name_and_type_index: ConstantPoolIndex(
                7,
            ),
        },
        Integer {
            integer: 1,
        },
        Utf8(
            "println",
        ),
        Utf8(
            "(I)V",
        ),
        NameAndType {
            name_index: ConstantPoolIndex(
                10,
            ),
            type_index: ConstantPoolIndex(
                11,
            ),
        },
        MethodRef {
            class_index: ConstantPoolIndex(
                2,
            ),
            name_and_type_index: ConstantPoolIndex(
                12,
            ),
        },
        Utf8(
            "bar",
        ),
        Utf8(
            "()V",
        ),
        Utf8(
            "Code",
        ),
        Utf8(
            "StackMapTable",
        ),
        Utf8(
            "Main",
        ),
        Class {
            name_index: ConstantPoolIndex(
                18,
            ),
        },
        NameAndType {
            name_index: ConstantPoolIndex(
                14,
            ),
            type_index: ConstantPoolIndex(
                15,
            ),
        },
        MethodRef {
            class_index: ConstantPoolIndex(
                19,
            ),
            name_and_type_index: ConstantPoolIndex(
                20,
            ),
        },
        Utf8(
            "main",
        ),
        Utf8(
            "[Ljava/lang/String;",
        ),
        Class {
            name_index: ConstantPoolIndex(
                23,
            ),
        },
        NameAndType {
            name_index: ConstantPoolIndex(
                22,
            ),
            type_index: ConstantPoolIndex(
                15,
            ),
        },
        MethodRef {
            class_index: ConstantPoolIndex(
                19,
            ),
            name_and_type_index: ConstantPoolIndex(
                25,
            ),
        },
        Utf8(
            "([Ljava/lang/String;)V",
        ),
        Utf8(
            "java/lang/Object",
        ),
        Class {
            name_index: ConstantPoolIndex(
                28,
            ),
        },
    ],
    this_class: ConstantPoolIndex(
        19,
    ),
    super_class: ConstantPoolIndex(
        29,
    ),
    methods: [
        Method {
            flags: 9,
            name_index: ConstantPoolIndex(
                14,
            ),
            descriptor_index: ConstantPoolIndex(
                15,
            ),
            attributes: [
                AttributeInfo {
                    name_index: ConstantPoolIndex(
                        16,
                    ),
                    attribute: Code(
                        CodeAttribute {
                            max_locals: 1,
                            code: [
                                GetStatic(
                                    ConstantPoolIndex(
                                        8,
                                    ),
                                ),
                                Ldc(
                                    ConstantPoolIndex(
                                        9,
                                    ),
                                ),
                                InvokeVirtual(
                                    ConstantPoolIndex(
                                        13,
                                    ),
                                ),
                                Return,
                            ],
                            attributes: [
                                AttributeInfo {
                                    name_index: ConstantPoolIndex(
                                        17,
                                    ),
                                    attribute: StackMapTable(
                                        StackMapTableAttribute {
                                            entries: [
                                                Full {
                                                    offset_delta: 0,
                                                    locals: [],
                                                    stack: [],
                                                },
                                            ],
                                        },
                                    ),
                                },
                            ],
                        },
                    ),
                },
            ],
        },
        Method {
            flags: 9,
            name_index: ConstantPoolIndex(
                22,
            ),
            descriptor_index: ConstantPoolIndex(
                15,
            ),
            attributes: [
                AttributeInfo {
                    name_index: ConstantPoolIndex(
                        16,
                    ),
                    attribute: Code(
                        CodeAttribute {
                            max_locals: 1,
                            code: [
                                InvokeStatic(
                                    ConstantPoolIndex(
                                        21,
                                    ),
                                ),
                                Return,
                            ],
                            attributes: [
                                AttributeInfo {
                                    name_index: ConstantPoolIndex(
                                        17,
                                    ),
                                    attribute: StackMapTable(
                                        StackMapTableAttribute {
                                            entries: [
                                                Full {
                                                    offset_delta: 0,
                                                    locals: [],
                                                    stack: [],
                                                },
                                            ],
                                        },
                                    ),
                                },
                            ],
                        },
                    ),
                },
            ],
        },
        Method {
            flags: 9,
            name_index: ConstantPoolIndex(
                22,
            ),
            descriptor_index: ConstantPoolIndex(
                27,
            ),
            attributes: [
                AttributeInfo {
                    name_index: ConstantPoolIndex(
                        16,
                    ),
                    attribute: Code(
                        CodeAttribute {
                            max_locals: 2,
                            code: [
                                InvokeStatic(
                                    ConstantPoolIndex(
                                        26,
                                    ),
                                ),
                                Return,
                            ],
                            attributes: [
                                AttributeInfo {
                                    name_index: ConstantPoolIndex(
                                        17,
                                    ),
                                    attribute: StackMapTable(
                                        StackMapTableAttribute {
                                            entries: [
                                                Full {
                                                    offset_delta: 0,
                                                    locals: [
                                                        Object {
                                                            constant_pool_index: ConstantPoolIndex(
                                                                24,
                                                            ),
                                                        },
                                                    ],
                                                    stack: [],
                                                },
                                            ],
                                        },
                                    ),
                                },
                            ],
                        },
                    ),
                },
            ],
        },
    ],
}
